stm32h7xx_hal_msp.c:67:6:HAL_MspInit	8	static
stm32h7xx_hal_msp.c:91:6:HAL_CRC_MspInit	8	static
stm32h7xx_hal_msp.c:114:6:HAL_CRC_MspDeInit	0	static
stm32h7xx_hal_msp.c:136:6:HAL_DMA2D_MspInit	16	static
stm32h7xx_hal_msp.c:162:6:HAL_DMA2D_MspDeInit	0	static
stm32h7xx_hal_msp.c:187:6:HAL_I2C_MspInit	232	static
stm32h7xx_hal_msp.c:234:6:HAL_I2C_MspDeInit	8	static
stm32h7xx_hal_msp.c:265:6:HAL_JPEG_MspInit	24	static
stm32h7xx_hal_msp.c:349:6:HAL_JPEG_MspDeInit	8	static
stm32h7xx_hal_msp.c:378:6:HAL_LTDC_MspInit	248	static
stm32h7xx_hal_msp.c:491:6:HAL_LTDC_MspDeInit	8	static
stm32h7xx_hal_msp.c:559:6:HAL_QSPI_MspInit	256	static
stm32h7xx_hal_msp.c:656:6:HAL_QSPI_MspDeInit	8	static
stm32h7xx_hal_msp.c:701:6:HAL_RTC_MspInit	200	static
stm32h7xx_hal_msp.c:735:6:HAL_RTC_MspDeInit	0	static
stm32h7xx_hal_msp.c:757:6:HAL_UART_MspInit	232	static
stm32h7xx_hal_msp.c:805:6:HAL_UART_MspDeInit	0	static
stm32h7xx_hal_msp.c:939:6:HAL_SDRAM_MspInit	240	static
stm32h7xx_hal_msp.c:1023:6:HAL_SDRAM_MspDeInit	8	static
