F:/400_Cellular/Projects/H745_Discovery_TouchGFX/Middlewares/Third_Party/wolfSSL_wolfSSL_wolfSSL/wolfssl/wolfcrypt/benchmark/benchmark.c:315:23:bench_heap_checkpoint_prepare	4	static
F:/400_Cellular/Projects/H745_Discovery_TouchGFX/Middlewares/Third_Party/wolfSSL_wolfSSL_wolfSSL/wolfssl/wolfcrypt/benchmark/benchmark.c:316:23:bench_heap_checkpoint_measure	16	static
F:/400_Cellular/Projects/H745_Discovery_TouchGFX/Middlewares/Third_Party/wolfSSL_wolfSSL_wolfSSL/wolfssl/wolfcrypt/benchmark/benchmark.c:344:23:bench_stack_checkpoint_prepare	4	static
F:/400_Cellular/Projects/H745_Discovery_TouchGFX/Middlewares/Third_Party/wolfSSL_wolfSSL_wolfSSL/wolfssl/wolfcrypt/benchmark/benchmark.c:345:23:bench_stack_checkpoint_measure	4	static
F:/400_Cellular/Projects/H745_Discovery_TouchGFX/Middlewares/Third_Party/wolfSSL_wolfSSL_wolfSSL/wolfssl/wolfcrypt/benchmark/benchmark.c:373:23:bench_stats_prepare	8	static
F:/400_Cellular/Projects/H745_Discovery_TouchGFX/Middlewares/Third_Party/wolfSSL_wolfSSL_wolfSSL/wolfssl/wolfcrypt/benchmark/benchmark.c:440:23:bench_append_memory_info	24	static
F:/400_Cellular/Projects/H745_Discovery_TouchGFX/Middlewares/Third_Party/wolfSSL_wolfSSL_wolfSSL/wolfssl/wolfcrypt/benchmark/benchmark.c:2197:26:bench_async_check	24	static
F:/400_Cellular/Projects/H745_Discovery_TouchGFX/Middlewares/Third_Party/wolfSSL_wolfSSL_wolfSSL/wolfssl/wolfcrypt/benchmark/benchmark.c:2210:26:bench_async_handle	24	static
F:/400_Cellular/Projects/H745_Discovery_TouchGFX/Middlewares/Third_Party/wolfSSL_wolfSSL_wolfSSL/wolfssl/wolfcrypt/benchmark/benchmark.c:2258:17:bench_aes_aad_options_wrap	24	static
F:/400_Cellular/Projects/H745_Discovery_TouchGFX/Middlewares/Third_Party/wolfSSL_wolfSSL_wolfSSL/wolfssl/wolfcrypt/benchmark/benchmark.c:2412:13:benchmark_static_init	16	static
F:/400_Cellular/Projects/H745_Discovery_TouchGFX/Middlewares/Third_Party/wolfSSL_wolfSSL_wolfSSL/wolfssl/wolfcrypt/benchmark/benchmark.c:2629:23:bench_stats_init	4	static
F:/400_Cellular/Projects/H745_Discovery_TouchGFX/Middlewares/Third_Party/wolfSSL_wolfSSL_wolfSSL/wolfssl/wolfcrypt/benchmark/benchmark.c:2642:23:bench_stats_start	16	static
F:/400_Cellular/Projects/H745_Discovery_TouchGFX/Middlewares/Third_Party/wolfSSL_wolfSSL_wolfSSL/wolfssl/wolfcrypt/benchmark/benchmark.c:2706:22:bench_stats_check	32	static
F:/400_Cellular/Projects/H745_Discovery_TouchGFX/Middlewares/Third_Party/wolfSSL_wolfSSL_wolfSSL/wolfssl/wolfcrypt/benchmark/benchmark.c:2729:20:get_blocktype	24	static
F:/400_Cellular/Projects/H745_Discovery_TouchGFX/Middlewares/Third_Party/wolfSSL_wolfSSL_wolfSSL/wolfssl/wolfcrypt/benchmark/benchmark.c:2776:20:get_blocktype_base10	24	static
F:/400_Cellular/Projects/H745_Discovery_TouchGFX/Middlewares/Third_Party/wolfSSL_wolfSSL_wolfSSL/wolfssl/wolfcrypt/benchmark/benchmark.c:2876:13:bench_stats_sym_finish	312	static
F:/400_Cellular/Projects/H745_Discovery_TouchGFX/Middlewares/Third_Party/wolfSSL_wolfSSL_wolfSSL/wolfssl/wolfcrypt/benchmark/benchmark.c:3183:13:bench_stats_asym_finish_ex	432	static
F:/400_Cellular/Projects/H745_Discovery_TouchGFX/Middlewares/Third_Party/wolfSSL_wolfSSL_wolfSSL/wolfssl/wolfcrypt/benchmark/benchmark.c:3575:13:bench_stats_asym_finish	48	static
F:/400_Cellular/Projects/H745_Discovery_TouchGFX/Middlewares/Third_Party/wolfSSL_wolfSSL_wolfSSL/wolfssl/wolfcrypt/benchmark/benchmark.c:3584:23:bench_stats_free	4	static
F:/400_Cellular/Projects/H745_Discovery_TouchGFX/Middlewares/Third_Party/wolfSSL_wolfSSL_wolfSSL/wolfssl/wolfcrypt/benchmark/benchmark.c:3603:14:benchmarks_do	48	static
F:/400_Cellular/Projects/H745_Discovery_TouchGFX/Middlewares/Third_Party/wolfSSL_wolfSSL_wolfSSL/wolfssl/wolfcrypt/benchmark/benchmark.c:4595:13:print_clock_freq	4	static
F:/400_Cellular/Projects/H745_Discovery_TouchGFX/Middlewares/Third_Party/wolfSSL_wolfSSL_wolfSSL/wolfssl/wolfcrypt/benchmark/benchmark.c:4615:5:benchmark_init	24	static
F:/400_Cellular/Projects/H745_Discovery_TouchGFX/Middlewares/Third_Party/wolfSSL_wolfSSL_wolfSSL/wolfssl/wolfcrypt/benchmark/benchmark.c:4685:5:benchmark_free	16	static
F:/400_Cellular/Projects/H745_Discovery_TouchGFX/Middlewares/Third_Party/wolfSSL_wolfSSL_wolfSSL/wolfssl/wolfcrypt/benchmark/benchmark.c:4779:5:benchmark_test	24	static
F:/400_Cellular/Projects/H745_Discovery_TouchGFX/Middlewares/Third_Party/wolfSSL_wolfSSL_wolfSSL/wolfssl/wolfcrypt/benchmark/benchmark.c:4864:6:bench_rng	64	static
F:/400_Cellular/Projects/H745_Discovery_TouchGFX/Middlewares/Third_Party/wolfSSL_wolfSSL_wolfSSL/wolfssl/wolfcrypt/benchmark/benchmark.c:5104:13:bench_aesgcm_internal	152	static
F:/400_Cellular/Projects/H745_Discovery_TouchGFX/Middlewares/Third_Party/wolfSSL_wolfSSL_wolfSSL/wolfssl/wolfcrypt/benchmark/benchmark.c:5482:6:bench_aesgcm	32	static
F:/400_Cellular/Projects/H745_Discovery_TouchGFX/Middlewares/Third_Party/wolfSSL_wolfSSL_wolfSSL/wolfssl/wolfcrypt/benchmark/benchmark.c:5533:6:bench_gmac	392	static
F:/400_Cellular/Projects/H745_Discovery_TouchGFX/Middlewares/Third_Party/wolfSSL_wolfSSL_wolfSSL/wolfssl/wolfcrypt/benchmark/benchmark.c:6328:6:bench_poly1305	136	static
F:/400_Cellular/Projects/H745_Discovery_TouchGFX/Middlewares/Third_Party/wolfSSL_wolfSSL_wolfSSL/wolfssl/wolfcrypt/benchmark/benchmark.c:6816:6:bench_chacha	48	static
F:/400_Cellular/Projects/H745_Discovery_TouchGFX/Middlewares/Third_Party/wolfSSL_wolfSSL_wolfSSL/wolfssl/wolfcrypt/benchmark/benchmark.c:6890:6:bench_chacha20_poly1305_aead	80	static
F:/400_Cellular/Projects/H745_Discovery_TouchGFX/Middlewares/Third_Party/wolfSSL_wolfSSL_wolfSSL/wolfssl/wolfcrypt/benchmark/benchmark.c:7348:6:bench_sha256	96	static
F:/400_Cellular/Projects/H745_Discovery_TouchGFX/Middlewares/Third_Party/wolfSSL_wolfSSL_wolfSSL/wolfssl/wolfcrypt/benchmark/benchmark.c:7573:6:bench_sha512	96	static
F:/400_Cellular/Projects/H745_Discovery_TouchGFX/Middlewares/Third_Party/wolfSSL_wolfSSL_wolfSSL/wolfssl/wolfcrypt/benchmark/benchmark.c:7685:6:bench_sha512_224	96	static
F:/400_Cellular/Projects/H745_Discovery_TouchGFX/Middlewares/Third_Party/wolfSSL_wolfSSL_wolfSSL/wolfssl/wolfcrypt/benchmark/benchmark.c:7798:6:bench_sha512_256	96	static
F:/400_Cellular/Projects/H745_Discovery_TouchGFX/Middlewares/Third_Party/wolfSSL_wolfSSL_wolfSSL/wolfssl/wolfcrypt/benchmark/benchmark.c:9122:13:bench_hmac	144	static
F:/400_Cellular/Projects/H745_Discovery_TouchGFX/Middlewares/Third_Party/wolfSSL_wolfSSL_wolfSSL/wolfssl/wolfcrypt/benchmark/benchmark.c:9312:6:bench_hmac_sha256	24	static
F:/400_Cellular/Projects/H745_Discovery_TouchGFX/Middlewares/Third_Party/wolfSSL_wolfSSL_wolfSSL/wolfssl/wolfcrypt/benchmark/benchmark.c:9346:6:bench_hmac_sha512	24	static
F:/400_Cellular/Projects/H745_Discovery_TouchGFX/Middlewares/Third_Party/wolfSSL_wolfSSL_wolfSSL/wolfssl/wolfcrypt/benchmark/benchmark.c:9790:13:bench_rsa_helper	136	static
F:/400_Cellular/Projects/H745_Discovery_TouchGFX/Middlewares/Third_Party/wolfSSL_wolfSSL_wolfSSL/wolfssl/wolfcrypt/benchmark/benchmark.c:10049:6:bench_rsa	64	static
F:/400_Cellular/Projects/H745_Discovery_TouchGFX/Middlewares/Third_Party/wolfSSL_wolfSSL_wolfSSL/wolfssl/wolfcrypt/benchmark/benchmark.c:10238:6:bench_dh	208	static
F:/400_Cellular/Projects/H745_Discovery_TouchGFX/Middlewares/Third_Party/wolfSSL_wolfSSL_wolfSSL/wolfssl/wolfcrypt/benchmark/benchmark.c:11941:6:bench_ecc_curve	16	static
F:/400_Cellular/Projects/H745_Discovery_TouchGFX/Middlewares/Third_Party/wolfSSL_wolfSSL_wolfSSL/wolfssl/wolfcrypt/benchmark/benchmark.c:11966:6:bench_eccMakeKey	120	static
F:/400_Cellular/Projects/H745_Discovery_TouchGFX/Middlewares/Third_Party/wolfSSL_wolfSSL_wolfSSL/wolfssl/wolfcrypt/benchmark/benchmark.c:12041:6:bench_ecc	208	static
F:/400_Cellular/Projects/H745_Discovery_TouchGFX/Middlewares/Third_Party/wolfSSL_wolfSSL_wolfSSL/wolfssl/wolfcrypt/benchmark/benchmark.c:12840:6:bench_curve25519KeyGen	136	static
F:/400_Cellular/Projects/H745_Discovery_TouchGFX/Middlewares/Third_Party/wolfSSL_wolfSSL_wolfSSL/wolfssl/wolfcrypt/benchmark/benchmark.c:12884:6:bench_curve25519KeyAgree	256	static
F:/400_Cellular/Projects/H745_Discovery_TouchGFX/Middlewares/Third_Party/wolfSSL_wolfSSL_wolfSSL/wolfssl/wolfcrypt/benchmark/benchmark.c:12961:6:bench_ed25519KeyGen	144	static
F:/400_Cellular/Projects/H745_Discovery_TouchGFX/Middlewares/Third_Party/wolfSSL_wolfSSL_wolfSSL/wolfssl/wolfcrypt/benchmark/benchmark.c:12996:6:bench_ed25519KeySign	736	static
F:/400_Cellular/Projects/H745_Discovery_TouchGFX/Middlewares/Third_Party/wolfSSL_wolfSSL_wolfSSL/wolfssl/wolfcrypt/benchmark/benchmark.c:16080:6:benchmark_configure	16	static
