../../CM7/../../CM7/Middlewares/ST/touchgfx/framework/include/touchgfx/Drawable.hpp:121:18:virtual void touchgfx::Drawable::invalidateContent() const	16	static
../../CM7/../../CM7/Middlewares/ST/touchgfx/framework/include/touchgfx/Drawable.hpp:315:18:virtual void touchgfx::Drawable::setX(int16_t)	16	static
../../CM7/../../CM7/Middlewares/ST/touchgfx/framework/include/touchgfx/Drawable.hpp:327:18:virtual void touchgfx::Drawable::setY(int16_t)	16	static
../../CM7/../../CM7/Middlewares/ST/touchgfx/framework/include/touchgfx/Drawable.hpp:356:18:virtual void touchgfx::Drawable::setWidth(int16_t)	16	static
../../CM7/../../CM7/Middlewares/ST/touchgfx/framework/include/touchgfx/Drawable.hpp:368:18:virtual void touchgfx::Drawable::setHeight(int16_t)	16	static
../../CM7/../../CM7/Middlewares/ST/touchgfx/framework/include/touchgfx/Drawable.hpp:378:18:virtual void touchgfx::Drawable::childGeometryChanged()	16	static
../../CM7/../../CM7/Middlewares/ST/touchgfx/framework/include/touchgfx/Drawable.hpp:389:18:virtual void touchgfx::Drawable::handleClickEvent(const touchgfx::ClickEvent&)	16	static
../../CM7/../../CM7/Middlewares/ST/touchgfx/framework/include/touchgfx/Drawable.hpp:401:18:virtual void touchgfx::Drawable::handleGestureEvent(const touchgfx::GestureEvent&)	16	static
../../CM7/../../CM7/Middlewares/ST/touchgfx/framework/include/touchgfx/Drawable.hpp:490:18:virtual void touchgfx::Drawable::handleDragEvent(const touchgfx::DragEvent&)	16	static
../../CM7/../../CM7/Middlewares/ST/touchgfx/framework/include/touchgfx/Drawable.hpp:501:18:virtual void touchgfx::Drawable::handleTickEvent()	16	static
../../CM7/../../CM7/Middlewares/ST/touchgfx/framework/include/touchgfx/Drawable.hpp:588:18:virtual void touchgfx::Drawable::moveTo(int16_t, int16_t)	16	static
../../CM7/../../CM7/Middlewares/ST/touchgfx/framework/include/touchgfx/containers/Container.hpp:165:23:virtual touchgfx::Drawable* touchgfx::Container::getFirstChild()	16	static
../../CM7/../../CM7/TouchGFX/gui/include/gui/containers/numberTemplateScrollCustomContainer.hpp:25:10:void numberTemplateScrollCustomContainer::setNumber(int)	16	static
../../CM7/../../CM7/TouchGFX/gui/include/gui/containers/NumberPICKER.hpp:10:13:NumberPICKER::~NumberPICKER()	16	static
../../CM7/../../CM7/TouchGFX/gui/include/gui/containers/NumberPICKER.hpp:10:13:virtual NumberPICKER::~NumberPICKER()	16	static
../../CM7/../../CM7/TouchGFX/gui/include/gui/containers/NumberPICKER.hpp:17:18:virtual void NumberPICKER::numberScrollWheelUpdateItem(numberTemplateScrollCustomContainer&, int16_t)	24	static
../../CM7/../../CM7/TouchGFX/gui/include/gui/containers/NumberPICKER.hpp:26:18:virtual void NumberPICKER::numberScrollWheelUpdateCenterItem(numberTemplateScrollCustomContainer&, int16_t)	24	static
../../CM7/../../CM7/TouchGFX/gui/include/gui/containers/NumberPICKER.hpp:39:18:virtual void NumberPICKER::setValue(uint16_t)	16	static
F:/400_Cellular/Projects/H745_Discovery_TouchGFX/CM7/TouchGFX/gui/src/containers/NumberPICKER.cpp:3:1:NumberPICKER::NumberPICKER()	16	static
F:/400_Cellular/Projects/H745_Discovery_TouchGFX/CM7/TouchGFX/gui/src/containers/NumberPICKER.cpp:8:6:virtual void NumberPICKER::initialize()	16	static
