../../CM7/../../CM7/Middlewares/ST/touchgfx/framework/include/touchgfx/hal/Types.hpp:91:5:touchgfx::colortype::colortype(uint32_t)	16	static
../../CM7/../../CM7/Middlewares/ST/touchgfx/framework/include/touchgfx/Drawable.hpp:515:10:void touchgfx::Drawable::setVisible(bool)	16	static
../../CM7/../../CM7/Middlewares/ST/touchgfx/framework/include/touchgfx/Screen.hpp:104:18:virtual void touchgfx::Screen::afterTransition()	16	static
../../CM7/../../CM7/Middlewares/ST/touchgfx/framework/include/touchgfx/Screen.hpp:115:18:virtual void touchgfx::Screen::tearDownScreen()	16	static
../../CM7/../../CM7/Middlewares/ST/touchgfx/framework/include/touchgfx/Screen.hpp:154:18:virtual void touchgfx::Screen::handleKeyEvent(uint8_t)	16	static
../../CM7/../../CM7/TouchGFX/gui/include/gui/containers/NumberPICKER.hpp:34:13:int16_t NumberPICKER::getValue()	16	static
../../CM7/../../CM7/TouchGFX/gui/include/gui/containers/NumberPICKER.hpp:39:18:virtual void NumberPICKER::setValue(uint16_t)	16	static
../../CM7/../../CM7/TouchGFX/gui/include/gui/screenipaddresses_screen/ScreenIPAddressesView.hpp:11:13:ScreenIPAddressesView::~ScreenIPAddressesView()	16	static
../../CM7/../../CM7/TouchGFX/gui/include/gui/screenipaddresses_screen/ScreenIPAddressesView.hpp:11:13:virtual ScreenIPAddressesView::~ScreenIPAddressesView()	16	static
F:/400_Cellular/Projects/H745_Discovery_TouchGFX/CM7/TouchGFX/gui/src/screenipaddresses_screen/ScreenIPAddressesView.cpp:6:1:ScreenIPAddressesView::ScreenIPAddressesView()	16	static
F:/400_Cellular/Projects/H745_Discovery_TouchGFX/CM7/TouchGFX/gui/src/screenipaddresses_screen/ScreenIPAddressesView.cpp:11:6:virtual void ScreenIPAddressesView::setupScreen()	16	static
F:/400_Cellular/Projects/H745_Discovery_TouchGFX/CM7/TouchGFX/gui/src/screenipaddresses_screen/ScreenIPAddressesView.cpp:20:6:virtual void ScreenIPAddressesView::tearDownScreen()	16	static
F:/400_Cellular/Projects/H745_Discovery_TouchGFX/CM7/TouchGFX/gui/src/screenipaddresses_screen/ScreenIPAddressesView.cpp:25:6:virtual void ScreenIPAddressesView::actionWriteCounterValue(uint8_t)	24	static
F:/400_Cellular/Projects/H745_Discovery_TouchGFX/CM7/TouchGFX/gui/src/screenipaddresses_screen/ScreenIPAddressesView.cpp:119:6:virtual void ScreenIPAddressesView::actionSelectAddressByte(uint8_t)	488	static
F:/400_Cellular/Projects/H745_Discovery_TouchGFX/CM7/TouchGFX/gui/src/screenipaddresses_screen/ScreenIPAddressesView.cpp:219:6:virtual void ScreenIPAddressesView::functionUpdateSelectedAddressWithCounter()	16	static
F:/400_Cellular/Projects/H745_Discovery_TouchGFX/CM7/TouchGFX/gui/src/screenipaddresses_screen/ScreenIPAddressesView.cpp:228:6:virtual void ScreenIPAddressesView::functionSaveAddresses()	16	static
F:/400_Cellular/Projects/H745_Discovery_TouchGFX/CM7/TouchGFX/gui/src/screenipaddresses_screen/ScreenIPAddressesView.cpp:263:6:virtual void ScreenIPAddressesView::functionRevertAddresses()	16	static
F:/400_Cellular/Projects/H745_Discovery_TouchGFX/CM7/TouchGFX/gui/src/screenipaddresses_screen/ScreenIPAddressesView.cpp:296:6:virtual void ScreenIPAddressesView::resetAddressButtonBorders()	488	static
F:/400_Cellular/Projects/H745_Discovery_TouchGFX/CM7/TouchGFX/gui/src/screenipaddresses_screen/ScreenIPAddressesView.cpp:337:6:virtual void ScreenIPAddressesView::refreshDisplaySavedAddresses()	16	static
../../CM7/../../CM7/Middlewares/ST/touchgfx/framework/include/touchgfx/containers/buttons/BoxWithBorderButtonStyle.hpp:94:10:void touchgfx::BoxWithBorderButtonStyle<T>::setBoxWithBorderColors(touchgfx::colortype, touchgfx::colortype, touchgfx::colortype, touchgfx::colortype) [with T = touchgfx::ClickButtonTrigger]	24	static
