../../CM7/../../CM7/Middlewares/ST/touchgfx/framework/include/mvp/Presenter.hpp:37:18:virtual void touchgfx::Presenter::activate()	16	static
../../CM7/../../CM7/Middlewares/ST/touchgfx/framework/include/mvp/Presenter.hpp:47:18:virtual void touchgfx::Presenter::deactivate()	16	static
../../CM7/../../CM7/Middlewares/ST/touchgfx/framework/include/mvp/Presenter.hpp:52:13:touchgfx::Presenter::~Presenter()	16	static
../../CM7/../../CM7/Middlewares/ST/touchgfx/framework/include/mvp/Presenter.hpp:52:13:virtual touchgfx::Presenter::~Presenter()	16	static
../../CM7/../../CM7/Middlewares/ST/touchgfx/framework/include/mvp/Presenter.hpp:58:5:touchgfx::Presenter::Presenter()	16	static
../../CM7/../../CM7/TouchGFX/gui/include/gui/model/ModelListener.hpp:9:5:ModelListener::ModelListener()	16	static
../../CM7/../../CM7/TouchGFX/gui/include/gui/model/ModelListener.hpp:11:13:ModelListener::~ModelListener()	16	static
../../CM7/../../CM7/TouchGFX/gui/include/gui/model/ModelListener.hpp:11:13:virtual ModelListener::~ModelListener()	16	static
../../CM7/../../CM7/TouchGFX/gui/include/gui/model/ModelListener.hpp:22:18:virtual void ModelListener::notifyZoneChanged(unsigned int)	16	static
../../CM7/../../CM7/TouchGFX/gui/include/gui/model/ModelListener.hpp:28:18:virtual void ModelListener::notifyStandbyChanged()	16	static
../../CM7/../../CM7/TouchGFX/gui/include/gui/screensettings1_screen/ScreenSettings1Presenter.hpp:28:13:ScreenSettings1Presenter::~ScreenSettings1Presenter()	16	static
../../CM7/../../CM7/TouchGFX/gui/include/gui/screensettings1_screen/ScreenSettings1Presenter.hpp:28:13:virtual ScreenSettings1Presenter::~ScreenSettings1Presenter()	16	static
F:/400_Cellular/Projects/H745_Discovery_TouchGFX/CM7/TouchGFX/gui/src/screensettings1_screen/ScreenSettings1Presenter.cpp:4:1:ScreenSettings1Presenter::ScreenSettings1Presenter(ScreenSettings1View&)	16	static
F:/400_Cellular/Projects/H745_Discovery_TouchGFX/CM7/TouchGFX/gui/src/screensettings1_screen/ScreenSettings1Presenter.cpp:10:6:virtual void ScreenSettings1Presenter::activate()	16	static
F:/400_Cellular/Projects/H745_Discovery_TouchGFX/CM7/TouchGFX/gui/src/screensettings1_screen/ScreenSettings1Presenter.cpp:15:6:virtual void ScreenSettings1Presenter::deactivate()	16	static
