../../../Middlewares/Third_Party/wolfSSL_wolfSSL_wolfSSL/wolfssl/wolfcrypt/src/misc.c:109:37:rotlFixed	16	static
../../../Middlewares/Third_Party/wolfSSL_wolfSSL_wolfSSL/wolfssl/wolfcrypt/src/misc.c:139:33:ByteReverseWord32	16	static
../../../Middlewares/Third_Party/wolfSSL_wolfSSL_wolfSSL/wolfssl/wolfcrypt/src/misc.c:181:31:ByteReverseWords	40	static
../../../Middlewares/Third_Party/wolfSSL_wolfSSL_wolfSSL/wolfssl/wolfcrypt/src/misc.c:420:31:XorWordsOut	32	static
../../../Middlewares/Third_Party/wolfSSL_wolfSSL_wolfSSL/wolfssl/wolfcrypt/src/misc.c:432:31:xorbufout	48	static
../../../Middlewares/Third_Party/wolfSSL_wolfSSL_wolfSSL/wolfssl/wolfcrypt/src/misc.c:501:31:XorWords	32	static
../../../Middlewares/Third_Party/wolfSSL_wolfSSL_wolfSSL/wolfssl/wolfcrypt/src/misc.c:513:31:xorbuf	40	static
../../../Middlewares/Third_Party/wolfSSL_wolfSSL_wolfSSL/wolfssl/wolfcrypt/src/misc.c:591:31:ForceZero	24	static
../../../Middlewares/Third_Party/wolfSSL_wolfSSL_wolfSSL/wolfssl/wolfcrypt/src/misc.c:626:30:ConstantCompare	32	static
F:/400_Cellular/Projects/H745_Discovery_TouchGFX/Middlewares/Third_Party/wolfSSL_wolfSSL_wolfSSL/wolfssl/wolfcrypt/src/aes.c:1833:44:PreFetchTe	24	static
F:/400_Cellular/Projects/H745_Discovery_TouchGFX/Middlewares/Third_Party/wolfSSL_wolfSSL_wolfSSL/wolfssl/wolfcrypt/src/aes.c:2095:13:AesEncrypt_C	64	static
F:/400_Cellular/Projects/H745_Discovery_TouchGFX/Middlewares/Third_Party/wolfSSL_wolfSSL_wolfSSL/wolfssl/wolfcrypt/src/aes.c:2379:13:AesEncryptBlocks_C	32	static
F:/400_Cellular/Projects/H745_Discovery_TouchGFX/Middlewares/Third_Party/wolfSSL_wolfSSL_wolfSSL/wolfssl/wolfcrypt/src/aes.c:2953:31:wc_AesEncrypt	32	static
F:/400_Cellular/Projects/H745_Discovery_TouchGFX/Middlewares/Third_Party/wolfSSL_wolfSSL_wolfSSL/wolfssl/wolfcrypt/src/aes.c:3112:44:PreFetchTd	24	static
F:/400_Cellular/Projects/H745_Discovery_TouchGFX/Middlewares/Third_Party/wolfSSL_wolfSSL_wolfSSL/wolfssl/wolfcrypt/src/aes.c:3128:44:PreFetchTd4	16	static
F:/400_Cellular/Projects/H745_Discovery_TouchGFX/Middlewares/Third_Party/wolfSSL_wolfSSL_wolfSSL/wolfssl/wolfcrypt/src/aes.c:3151:13:AesDecrypt_C	64	static
F:/400_Cellular/Projects/H745_Discovery_TouchGFX/Middlewares/Third_Party/wolfSSL_wolfSSL_wolfSSL/wolfssl/wolfcrypt/src/aes.c:3387:13:AesDecryptBlocks_C	32	static
F:/400_Cellular/Projects/H745_Discovery_TouchGFX/Middlewares/Third_Party/wolfSSL_wolfSSL_wolfSSL/wolfssl/wolfcrypt/src/aes.c:3748:31:wc_AesDecrypt	32	static
F:/400_Cellular/Projects/H745_Discovery_TouchGFX/Middlewares/Third_Party/wolfSSL_wolfSSL_wolfSSL/wolfssl/wolfcrypt/src/aes.c:4433:13:AesSetKey_C	40	static
F:/400_Cellular/Projects/H745_Discovery_TouchGFX/Middlewares/Third_Party/wolfSSL_wolfSSL_wolfSSL/wolfssl/wolfcrypt/src/aes.c:4671:35:wc_AesSetKeyLocal	32	static
F:/400_Cellular/Projects/H745_Discovery_TouchGFX/Middlewares/Third_Party/wolfSSL_wolfSSL_wolfSSL/wolfssl/wolfcrypt/src/aes.c:5010:9:wc_AesSetKey	32	static
F:/400_Cellular/Projects/H745_Discovery_TouchGFX/Middlewares/Third_Party/wolfSSL_wolfSSL_wolfSSL/wolfssl/wolfcrypt/src/aes.c:5048:9:wc_AesSetKeyDirect	32	static
F:/400_Cellular/Projects/H745_Discovery_TouchGFX/Middlewares/Third_Party/wolfSSL_wolfSSL_wolfSSL/wolfssl/wolfcrypt/src/aes.c:5065:5:wc_AesSetIV	16	static
F:/400_Cellular/Projects/H745_Discovery_TouchGFX/Middlewares/Third_Party/wolfSSL_wolfSSL_wolfSSL/wolfssl/wolfcrypt/src/aes.c:5164:13:wc_AesEncryptDirect	32	static
F:/400_Cellular/Projects/H745_Discovery_TouchGFX/Middlewares/Third_Party/wolfSSL_wolfSSL_wolfSSL/wolfssl/wolfcrypt/src/aes.c:5184:13:wc_AesDecryptDirect	32	static
F:/400_Cellular/Projects/H745_Discovery_TouchGFX/Middlewares/Third_Party/wolfSSL_wolfSSL_wolfSSL/wolfssl/wolfcrypt/src/aes.c:6948:23:IncCtr	24	static
F:/400_Cellular/Projects/H745_Discovery_TouchGFX/Middlewares/Third_Party/wolfSSL_wolfSSL_wolfSSL/wolfssl/wolfcrypt/src/aes.c:6996:23:IncrementGcmCounter	24	static
F:/400_Cellular/Projects/H745_Discovery_TouchGFX/Middlewares/Third_Party/wolfSSL_wolfSSL_wolfSSL/wolfssl/wolfcrypt/src/aes.c:7012:23:FlattenSzInBits	24	static
F:/400_Cellular/Projects/H745_Discovery_TouchGFX/Middlewares/Third_Party/wolfSSL_wolfSSL_wolfSSL/wolfssl/wolfcrypt/src/aes.c:7030:23:RIGHTSHIFTX	32	static
F:/400_Cellular/Projects/H745_Discovery_TouchGFX/Middlewares/Third_Party/wolfSSL_wolfSSL_wolfSSL/wolfssl/wolfcrypt/src/aes.c:7173:5:wc_AesGcmSetKey	56	static
F:/400_Cellular/Projects/H745_Discovery_TouchGFX/Middlewares/Third_Party/wolfSSL_wolfSSL_wolfSSL/wolfssl/wolfcrypt/src/aes.c:7359:13:GMULT	72	static
F:/400_Cellular/Projects/H745_Discovery_TouchGFX/Middlewares/Third_Party/wolfSSL_wolfSSL_wolfSSL/wolfssl/wolfcrypt/src/aes.c:7384:6:GHASH	72	static
F:/400_Cellular/Projects/H745_Discovery_TouchGFX/Middlewares/Third_Party/wolfSSL_wolfSSL_wolfSSL/wolfssl/wolfcrypt/src/aes.c:9117:24:AES_GCM_encrypt_C	120	static
F:/400_Cellular/Projects/H745_Discovery_TouchGFX/Middlewares/Third_Party/wolfSSL_wolfSSL_wolfSSL/wolfssl/wolfcrypt/src/aes.c:9303:5:wc_AesGcmEncrypt	56	static
F:/400_Cellular/Projects/H745_Discovery_TouchGFX/Middlewares/Third_Party/wolfSSL_wolfSSL_wolfSSL/wolfssl/wolfcrypt/src/aes.c:9769:24:AES_GCM_decrypt_C	136	static
F:/400_Cellular/Projects/H745_Discovery_TouchGFX/Middlewares/Third_Party/wolfSSL_wolfSSL_wolfSSL/wolfssl/wolfcrypt/src/aes.c:9983:5:wc_AesGcmDecrypt	56	static
F:/400_Cellular/Projects/H745_Discovery_TouchGFX/Middlewares/Third_Party/wolfSSL_wolfSSL_wolfSSL/wolfssl/wolfcrypt/src/aes.c:11889:41:CheckAesGcmIvSize	16	static
F:/400_Cellular/Projects/H745_Discovery_TouchGFX/Middlewares/Third_Party/wolfSSL_wolfSSL_wolfSSL/wolfssl/wolfcrypt/src/aes.c:11896:5:wc_AesGcmSetExtIV	32	static
F:/400_Cellular/Projects/H745_Discovery_TouchGFX/Middlewares/Third_Party/wolfSSL_wolfSSL_wolfSSL/wolfssl/wolfcrypt/src/aes.c:11922:5:wc_AesGcmSetIV	32	static
F:/400_Cellular/Projects/H745_Discovery_TouchGFX/Middlewares/Third_Party/wolfSSL_wolfSSL_wolfSSL/wolfssl/wolfcrypt/src/aes.c:11960:5:wc_AesGcmEncrypt_ex	56	static
F:/400_Cellular/Projects/H745_Discovery_TouchGFX/Middlewares/Third_Party/wolfSSL_wolfSSL_wolfSSL/wolfssl/wolfcrypt/src/aes.c:11996:5:wc_Gmac	56	static
F:/400_Cellular/Projects/H745_Discovery_TouchGFX/Middlewares/Third_Party/wolfSSL_wolfSSL_wolfSSL/wolfssl/wolfcrypt/src/aes.c:12033:5:wc_GmacVerify	56	static
F:/400_Cellular/Projects/H745_Discovery_TouchGFX/Middlewares/Third_Party/wolfSSL_wolfSSL_wolfSSL/wolfssl/wolfcrypt/src/aes.c:12082:5:wc_GmacSetKey	24	static
F:/400_Cellular/Projects/H745_Discovery_TouchGFX/Middlewares/Third_Party/wolfSSL_wolfSSL_wolfSSL/wolfssl/wolfcrypt/src/aes.c:12091:5:wc_GmacUpdate	48	static
F:/400_Cellular/Projects/H745_Discovery_TouchGFX/Middlewares/Third_Party/wolfSSL_wolfSSL_wolfSSL/wolfssl/wolfcrypt/src/aes.c:12107:5:wc_AesCcmSetKey	32	static
F:/400_Cellular/Projects/H745_Discovery_TouchGFX/Middlewares/Third_Party/wolfSSL_wolfSSL_wolfSSL/wolfssl/wolfcrypt/src/aes.c:12119:5:wc_AesCcmCheckTagSize	16	static
F:/400_Cellular/Projects/H745_Discovery_TouchGFX/Middlewares/Third_Party/wolfSSL_wolfSSL_wolfSSL/wolfssl/wolfcrypt/src/aes.c:12252:31:roll_x	32	static
F:/400_Cellular/Projects/H745_Discovery_TouchGFX/Middlewares/Third_Party/wolfSSL_wolfSSL_wolfSSL/wolfssl/wolfcrypt/src/aes.c:12279:31:roll_auth	40	static
F:/400_Cellular/Projects/H745_Discovery_TouchGFX/Middlewares/Third_Party/wolfSSL_wolfSSL_wolfSSL/wolfssl/wolfcrypt/src/aes.c:12329:23:AesCcmCtrInc	24	static
F:/400_Cellular/Projects/H745_Discovery_TouchGFX/Middlewares/Third_Party/wolfSSL_wolfSSL_wolfSSL/wolfssl/wolfcrypt/src/aes.c:12380:5:wc_AesCcmEncrypt	88	static
F:/400_Cellular/Projects/H745_Discovery_TouchGFX/Middlewares/Third_Party/wolfSSL_wolfSSL_wolfSSL/wolfssl/wolfcrypt/src/aes.c:12526:6:wc_AesCcmDecrypt	96	static
F:/400_Cellular/Projects/H745_Discovery_TouchGFX/Middlewares/Third_Party/wolfSSL_wolfSSL_wolfSSL/wolfssl/wolfcrypt/src/aes.c:12712:5:wc_AesCcmSetNonce	32	static
F:/400_Cellular/Projects/H745_Discovery_TouchGFX/Middlewares/Third_Party/wolfSSL_wolfSSL_wolfSSL/wolfssl/wolfcrypt/src/aes.c:12735:5:wc_AesCcmEncrypt_ex	56	static
F:/400_Cellular/Projects/H745_Discovery_TouchGFX/Middlewares/Third_Party/wolfSSL_wolfSSL_wolfSSL/wolfssl/wolfcrypt/src/aes.c:12779:6:wc_AesNew	40	static
F:/400_Cellular/Projects/H745_Discovery_TouchGFX/Middlewares/Third_Party/wolfSSL_wolfSSL_wolfSSL/wolfssl/wolfcrypt/src/aes.c:12800:5:wc_AesDelete	24	static
F:/400_Cellular/Projects/H745_Discovery_TouchGFX/Middlewares/Third_Party/wolfSSL_wolfSSL_wolfSSL/wolfssl/wolfcrypt/src/aes.c:12813:5:wc_AesInit	32	static
F:/400_Cellular/Projects/H745_Discovery_TouchGFX/Middlewares/Third_Party/wolfSSL_wolfSSL_wolfSSL/wolfssl/wolfcrypt/src/aes.c:12905:6:wc_AesFree	16	static
F:/400_Cellular/Projects/H745_Discovery_TouchGFX/Middlewares/Third_Party/wolfSSL_wolfSSL_wolfSSL/wolfssl/wolfcrypt/src/aes.c:12984:5:wc_AesGetKeySize	24	static
F:/400_Cellular/Projects/H745_Discovery_TouchGFX/Middlewares/Third_Party/wolfSSL_wolfSSL_wolfSSL/wolfssl/wolfcrypt/src/aes.c:13117:31:_AesEcbEncrypt	32	static
F:/400_Cellular/Projects/H745_Discovery_TouchGFX/Middlewares/Third_Party/wolfSSL_wolfSSL_wolfSSL/wolfssl/wolfcrypt/src/aes.c:13184:31:_AesEcbDecrypt	32	static
F:/400_Cellular/Projects/H745_Discovery_TouchGFX/Middlewares/Third_Party/wolfSSL_wolfSSL_wolfSSL/wolfssl/wolfcrypt/src/aes.c:13251:5:wc_AesEcbEncrypt	24	static
F:/400_Cellular/Projects/H745_Discovery_TouchGFX/Middlewares/Third_Party/wolfSSL_wolfSSL_wolfSSL/wolfssl/wolfcrypt/src/aes.c:13263:5:wc_AesEcbDecrypt	24	static
