F:/400_Cellular/Projects/H745_Discovery_TouchGFX/Middlewares/Third_Party/wolfSSL_wolfSSL_wolfSSL/wolfssl/wolfcrypt/src/fe_low_mem.c:38:6:fprime_copy	24	static
F:/400_Cellular/Projects/H745_Discovery_TouchGFX/Middlewares/Third_Party/wolfSSL_wolfSSL_wolfSSL/wolfssl/wolfcrypt/src/fe_low_mem.c:46:6:lm_copy	24	static
F:/400_Cellular/Projects/H745_Discovery_TouchGFX/Middlewares/Third_Party/wolfSSL_wolfSSL_wolfSSL/wolfssl/wolfcrypt/src/fe_low_mem.c:58:6:fe_init	4	static
F:/400_Cellular/Projects/H745_Discovery_TouchGFX/Middlewares/Third_Party/wolfSSL_wolfSSL_wolfSSL/wolfssl/wolfcrypt/src/fe_low_mem.c:66:13:xc_double	152	static
F:/400_Cellular/Projects/H745_Discovery_TouchGFX/Middlewares/Third_Party/wolfSSL_wolfSSL_wolfSSL/wolfssl/wolfcrypt/src/fe_low_mem.c:97:13:xc_diffadd	152	static
F:/400_Cellular/Projects/H745_Discovery_TouchGFX/Middlewares/Third_Party/wolfSSL_wolfSSL_wolfSSL/wolfssl/wolfcrypt/src/fe_low_mem.c:139:5:curve25519	248	static
F:/400_Cellular/Projects/H745_Discovery_TouchGFX/Middlewares/Third_Party/wolfSSL_wolfSSL_wolfSSL/wolfssl/wolfcrypt/src/fe_low_mem.c:186:13:raw_add	24	static
F:/400_Cellular/Projects/H745_Discovery_TouchGFX/Middlewares/Third_Party/wolfSSL_wolfSSL_wolfSSL/wolfssl/wolfcrypt/src/fe_low_mem.c:199:13:raw_try_sub	56	static
F:/400_Cellular/Projects/H745_Discovery_TouchGFX/Middlewares/Third_Party/wolfSSL_wolfSSL_wolfSSL/wolfssl/wolfcrypt/src/fe_low_mem.c:215:12:prime_msb	32	static
F:/400_Cellular/Projects/H745_Discovery_TouchGFX/Middlewares/Third_Party/wolfSSL_wolfSSL_wolfSSL/wolfssl/wolfcrypt/src/fe_low_mem.c:242:6:fprime_select	32	static
F:/400_Cellular/Projects/H745_Discovery_TouchGFX/Middlewares/Third_Party/wolfSSL_wolfSSL_wolfSSL/wolfssl/wolfcrypt/src/fe_low_mem.c:252:6:fprime_add	24	static
F:/400_Cellular/Projects/H745_Discovery_TouchGFX/Middlewares/Third_Party/wolfSSL_wolfSSL_wolfSSL/wolfssl/wolfcrypt/src/fe_low_mem.c:259:6:fprime_sub	24	static
F:/400_Cellular/Projects/H745_Discovery_TouchGFX/Middlewares/Third_Party/wolfSSL_wolfSSL_wolfSSL/wolfssl/wolfcrypt/src/fe_low_mem.c:267:6:fprime_mul	72	static
F:/400_Cellular/Projects/H745_Discovery_TouchGFX/Middlewares/Third_Party/wolfSSL_wolfSSL_wolfSSL/wolfssl/wolfcrypt/src/fe_low_mem.c:294:6:fe_load	24	static
F:/400_Cellular/Projects/H745_Discovery_TouchGFX/Middlewares/Third_Party/wolfSSL_wolfSSL_wolfSSL/wolfssl/wolfcrypt/src/fe_low_mem.c:308:6:fe_normalize	56	static
F:/400_Cellular/Projects/H745_Discovery_TouchGFX/Middlewares/Third_Party/wolfSSL_wolfSSL_wolfSSL/wolfssl/wolfcrypt/src/fe_low_mem.c:344:6:fe_select	32	static
F:/400_Cellular/Projects/H745_Discovery_TouchGFX/Middlewares/Third_Party/wolfSSL_wolfSSL_wolfSSL/wolfssl/wolfcrypt/src/fe_low_mem.c:356:6:lm_add	32	static
F:/400_Cellular/Projects/H745_Discovery_TouchGFX/Middlewares/Third_Party/wolfSSL_wolfSSL_wolfSSL/wolfssl/wolfcrypt/src/fe_low_mem.c:380:6:lm_sub	32	static
F:/400_Cellular/Projects/H745_Discovery_TouchGFX/Middlewares/Third_Party/wolfSSL_wolfSSL_wolfSSL/wolfssl/wolfcrypt/src/fe_low_mem.c:405:6:lm_neg	24	static
F:/400_Cellular/Projects/H745_Discovery_TouchGFX/Middlewares/Third_Party/wolfSSL_wolfSSL_wolfSSL/wolfssl/wolfcrypt/src/fe_low_mem.c:430:6:fe_mul__distinct	40	static
F:/400_Cellular/Projects/H745_Discovery_TouchGFX/Middlewares/Third_Party/wolfSSL_wolfSSL_wolfSSL/wolfssl/wolfcrypt/src/fe_low_mem.c:460:6:lm_mul	56	static
F:/400_Cellular/Projects/H745_Discovery_TouchGFX/Middlewares/Third_Party/wolfSSL_wolfSSL_wolfSSL/wolfssl/wolfcrypt/src/fe_low_mem.c:469:6:fe_mul_c	32	static
F:/400_Cellular/Projects/H745_Discovery_TouchGFX/Middlewares/Third_Party/wolfSSL_wolfSSL_wolfSSL/wolfssl/wolfcrypt/src/fe_low_mem.c:492:6:fe_inv__distinct	56	static
F:/400_Cellular/Projects/H745_Discovery_TouchGFX/Middlewares/Third_Party/wolfSSL_wolfSSL_wolfSSL/wolfssl/wolfcrypt/src/fe_low_mem.c:543:6:lm_invert	48	static
F:/400_Cellular/Projects/H745_Discovery_TouchGFX/Middlewares/Third_Party/wolfSSL_wolfSSL_wolfSSL/wolfssl/wolfcrypt/src/fe_low_mem.c:555:13:exp2523	32	static
F:/400_Cellular/Projects/H745_Discovery_TouchGFX/Middlewares/Third_Party/wolfSSL_wolfSSL_wolfSSL/wolfssl/wolfcrypt/src/fe_low_mem.c:583:6:fe_sqrt	144	static
