../../../Middlewares/Third_Party/wolfSSL_wolfSSL_wolfSSL/wolfssl/wolfcrypt/src/misc.c:952:33:w64GetLow32	16	static
../../../Middlewares/Third_Party/wolfSSL_wolfSSL_wolfSSL/wolfssl/wolfcrypt/src/misc.c:964:37:w64Add32	48	static
../../../Middlewares/Third_Party/wolfSSL_wolfSSL_wolfSSL/wolfssl/wolfcrypt/src/misc.c:973:37:w64Add	32	static
../../../Middlewares/Third_Party/wolfSSL_wolfSSL_wolfSSL/wolfssl/wolfcrypt/src/misc.c:1026:37:w64From32	56	static
../../../Middlewares/Third_Party/wolfSSL_wolfSSL_wolfSSL/wolfssl/wolfcrypt/src/misc.c:1054:37:w64ShiftRight	32	static
../../../Middlewares/Third_Party/wolfSSL_wolfSSL_wolfSSL/wolfssl/wolfcrypt/src/misc.c:1066:37:w64Mul	56	static
F:/400_Cellular/Projects/H745_Discovery_TouchGFX/Middlewares/Third_Party/wolfSSL_wolfSSL_wolfSSL/wolfssl/wolfcrypt/src/poly1305.c:232:19:U8TO32	16	static
F:/400_Cellular/Projects/H745_Discovery_TouchGFX/Middlewares/Third_Party/wolfSSL_wolfSSL_wolfSSL/wolfssl/wolfcrypt/src/poly1305.c:241:17:U32TO8	16	static
F:/400_Cellular/Projects/H745_Discovery_TouchGFX/Middlewares/Third_Party/wolfSSL_wolfSSL_wolfSSL/wolfssl/wolfcrypt/src/poly1305.c:250:23:u32tole64	16	static
F:/400_Cellular/Projects/H745_Discovery_TouchGFX/Middlewares/Third_Party/wolfSSL_wolfSSL_wolfSSL/wolfssl/wolfcrypt/src/poly1305.c:272:12:poly1305_blocks	176	static
F:/400_Cellular/Projects/H745_Discovery_TouchGFX/Middlewares/Third_Party/wolfSSL_wolfSSL_wolfSSL/wolfssl/wolfcrypt/src/poly1305.c:492:22:poly1305_block	16	static
F:/400_Cellular/Projects/H745_Discovery_TouchGFX/Middlewares/Third_Party/wolfSSL_wolfSSL_wolfSSL/wolfssl/wolfcrypt/src/poly1305.c:515:5:wc_Poly1305SetKey	24	static
F:/400_Cellular/Projects/H745_Discovery_TouchGFX/Middlewares/Third_Party/wolfSSL_wolfSSL_wolfSSL/wolfssl/wolfcrypt/src/poly1305.c:606:5:wc_Poly1305Final	96	static
F:/400_Cellular/Projects/H745_Discovery_TouchGFX/Middlewares/Third_Party/wolfSSL_wolfSSL_wolfSSL/wolfssl/wolfcrypt/src/poly1305.c:840:5:wc_Poly1305Update	40	static
F:/400_Cellular/Projects/H745_Discovery_TouchGFX/Middlewares/Third_Party/wolfSSL_wolfSSL_wolfSSL/wolfssl/wolfcrypt/src/poly1305.c:1000:5:wc_Poly1305_Pad	40	static
F:/400_Cellular/Projects/H745_Discovery_TouchGFX/Middlewares/Third_Party/wolfSSL_wolfSSL_wolfSSL/wolfssl/wolfcrypt/src/poly1305.c:1028:5:wc_Poly1305_EncodeSizes	48	static
F:/400_Cellular/Projects/H745_Discovery_TouchGFX/Middlewares/Third_Party/wolfSSL_wolfSSL_wolfSSL/wolfssl/wolfcrypt/src/poly1305.c:1048:5:wc_Poly1305_EncodeSizes64	48	static
F:/400_Cellular/Projects/H745_Discovery_TouchGFX/Middlewares/Third_Party/wolfSSL_wolfSSL_wolfSSL/wolfssl/wolfcrypt/src/poly1305.c:1082:5:wc_Poly1305_MAC	32	static
