../../../Middlewares/Third_Party/wolfSSL_wolfSSL_wolfSSL/wolfssl/wolfcrypt/src/misc.c:591:31:ForceZero	24	static
../../../Middlewares/Third_Party/wolfSSL_wolfSSL_wolfSSL/wolfssl/wolfcrypt/src/misc.c:649:31:ctMaskGT	16	static
../../../Middlewares/Third_Party/wolfSSL_wolfSSL_wolfSSL/wolfssl/wolfcrypt/src/misc.c:661:30:ctMaskIntGTE	16	static
../../../Middlewares/Third_Party/wolfSSL_wolfSSL_wolfSSL/wolfssl/wolfcrypt/src/misc.c:675:31:ctMaskLT	16	static
../../../Middlewares/Third_Party/wolfSSL_wolfSSL_wolfSSL/wolfssl/wolfcrypt/src/misc.c:687:31:ctMaskEq	24	static
../../../Middlewares/Third_Party/wolfSSL_wolfSSL_wolfSSL/wolfssl/wolfcrypt/src/misc.c:887:38:HexCharToByte	24	static
../../../Middlewares/Third_Party/wolfSSL_wolfSSL_wolfSSL/wolfssl/wolfcrypt/src/misc.c:901:31:ByteToHex	16	static
../../../Middlewares/Third_Party/wolfSSL_wolfSSL_wolfSSL/wolfssl/wolfcrypt/src/misc.c:920:30:CharIsWhiteSpace	24	static
F:/400_Cellular/Projects/H745_Discovery_TouchGFX/Middlewares/Third_Party/wolfSSL_wolfSSL_wolfSSL/wolfssl/wolfcrypt/src/sp_int.c:5079:13:_sp_zero	24	static
F:/400_Cellular/Projects/H745_Discovery_TouchGFX/Middlewares/Third_Party/wolfSSL_wolfSSL_wolfSSL/wolfssl/wolfcrypt/src/sp_int.c:5096:13:_sp_init_size	24	static
F:/400_Cellular/Projects/H745_Discovery_TouchGFX/Middlewares/Third_Party/wolfSSL_wolfSSL_wolfSSL/wolfssl/wolfcrypt/src/sp_int.c:5116:5:sp_init_size	24	static
F:/400_Cellular/Projects/H745_Discovery_TouchGFX/Middlewares/Third_Party/wolfSSL_wolfSSL_wolfSSL/wolfssl/wolfcrypt/src/sp_int.c:5139:5:sp_init	24	static
F:/400_Cellular/Projects/H745_Discovery_TouchGFX/Middlewares/Third_Party/wolfSSL_wolfSSL_wolfSSL/wolfssl/wolfcrypt/src/sp_int.c:5167:5:sp_init_multi	24	static
F:/400_Cellular/Projects/H745_Discovery_TouchGFX/Middlewares/Third_Party/wolfSSL_wolfSSL_wolfSSL/wolfssl/wolfcrypt/src/sp_int.c:5198:6:sp_free	16	static
F:/400_Cellular/Projects/H745_Discovery_TouchGFX/Middlewares/Third_Party/wolfSSL_wolfSSL_wolfSSL/wolfssl/wolfcrypt/src/sp_int.c:5218:5:sp_grow	24	static
F:/400_Cellular/Projects/H745_Discovery_TouchGFX/Middlewares/Third_Party/wolfSSL_wolfSSL_wolfSSL/wolfssl/wolfcrypt/src/sp_int.c:5249:6:sp_zero	16	static
F:/400_Cellular/Projects/H745_Discovery_TouchGFX/Middlewares/Third_Party/wolfSSL_wolfSSL_wolfSSL/wolfssl/wolfcrypt/src/sp_int.c:5262:6:sp_clear	24	static
F:/400_Cellular/Projects/H745_Discovery_TouchGFX/Middlewares/Third_Party/wolfSSL_wolfSSL_wolfSSL/wolfssl/wolfcrypt/src/sp_int.c:5290:6:sp_forcezero	16	static
F:/400_Cellular/Projects/H745_Discovery_TouchGFX/Middlewares/Third_Party/wolfSSL_wolfSSL_wolfSSL/wolfssl/wolfcrypt/src/sp_int.c:5315:13:_sp_copy	16	static
F:/400_Cellular/Projects/H745_Discovery_TouchGFX/Middlewares/Third_Party/wolfSSL_wolfSSL_wolfSSL/wolfssl/wolfcrypt/src/sp_int.c:5339:5:sp_copy	24	static
F:/400_Cellular/Projects/H745_Discovery_TouchGFX/Middlewares/Third_Party/wolfSSL_wolfSSL_wolfSSL/wolfssl/wolfcrypt/src/sp_int.c:5443:5:sp_exch	32	static
F:/400_Cellular/Projects/H745_Discovery_TouchGFX/Middlewares/Third_Party/wolfSSL_wolfSSL_wolfSSL/wolfssl/wolfcrypt/src/sp_int.c:5495:5:sp_cond_swap_ct_ex	32	static
F:/400_Cellular/Projects/H745_Discovery_TouchGFX/Middlewares/Third_Party/wolfSSL_wolfSSL_wolfSSL/wolfssl/wolfcrypt/src/sp_int.c:5541:5:sp_cond_swap_ct	48	static
F:/400_Cellular/Projects/H745_Discovery_TouchGFX/Middlewares/Third_Party/wolfSSL_wolfSSL_wolfSSL/wolfssl/wolfcrypt/src/sp_int.c:5592:12:_sp_cmp_abs	24	static
F:/400_Cellular/Projects/H745_Discovery_TouchGFX/Middlewares/Third_Party/wolfSSL_wolfSSL_wolfSSL/wolfssl/wolfcrypt/src/sp_int.c:5679:12:_sp_cmp	24	static
F:/400_Cellular/Projects/H745_Discovery_TouchGFX/Middlewares/Third_Party/wolfSSL_wolfSSL_wolfSSL/wolfssl/wolfcrypt/src/sp_int.c:5723:5:sp_cmp	24	static
F:/400_Cellular/Projects/H745_Discovery_TouchGFX/Middlewares/Third_Party/wolfSSL_wolfSSL_wolfSSL/wolfssl/wolfcrypt/src/sp_int.c:5840:5:sp_is_bit_set	32	static
F:/400_Cellular/Projects/H745_Discovery_TouchGFX/Middlewares/Third_Party/wolfSSL_wolfSSL_wolfSSL/wolfssl/wolfcrypt/src/sp_int.c:5868:5:sp_count_bits	24	static
F:/400_Cellular/Projects/H745_Discovery_TouchGFX/Middlewares/Third_Party/wolfSSL_wolfSSL_wolfSSL/wolfssl/wolfcrypt/src/sp_int.c:5959:5:sp_cnt_lsb	32	static
F:/400_Cellular/Projects/H745_Discovery_TouchGFX/Middlewares/Third_Party/wolfSSL_wolfSSL_wolfSSL/wolfssl/wolfcrypt/src/sp_int.c:6001:5:sp_leading_bit	24	static
F:/400_Cellular/Projects/H745_Discovery_TouchGFX/Middlewares/Third_Party/wolfSSL_wolfSSL_wolfSSL/wolfssl/wolfcrypt/src/sp_int.c:6036:5:sp_set_bit	32	static
F:/400_Cellular/Projects/H745_Discovery_TouchGFX/Middlewares/Third_Party/wolfSSL_wolfSSL_wolfSSL/wolfssl/wolfcrypt/src/sp_int.c:6081:5:sp_2expt	24	static
F:/400_Cellular/Projects/H745_Discovery_TouchGFX/Middlewares/Third_Party/wolfSSL_wolfSSL_wolfSSL/wolfssl/wolfcrypt/src/sp_int.c:6111:13:_sp_set	24	static
F:/400_Cellular/Projects/H745_Discovery_TouchGFX/Middlewares/Third_Party/wolfSSL_wolfSSL_wolfSSL/wolfssl/wolfcrypt/src/sp_int.c:6132:5:sp_set	24	static
F:/400_Cellular/Projects/H745_Discovery_TouchGFX/Middlewares/Third_Party/wolfSSL_wolfSSL_wolfSSL/wolfssl/wolfcrypt/src/sp_int.c:6159:5:sp_set_int	24	static
F:/400_Cellular/Projects/H745_Discovery_TouchGFX/Middlewares/Third_Party/wolfSSL_wolfSSL_wolfSSL/wolfssl/wolfcrypt/src/sp_int.c:6214:5:sp_cmp_d	24	static
F:/400_Cellular/Projects/H745_Discovery_TouchGFX/Middlewares/Third_Party/wolfSSL_wolfSSL_wolfSSL/wolfssl/wolfcrypt/src/sp_int.c:6269:12:_sp_add_d	40	static
F:/400_Cellular/Projects/H745_Discovery_TouchGFX/Middlewares/Third_Party/wolfSSL_wolfSSL_wolfSSL/wolfssl/wolfcrypt/src/sp_int.c:6332:13:_sp_sub_d	40	static
F:/400_Cellular/Projects/H745_Discovery_TouchGFX/Middlewares/Third_Party/wolfSSL_wolfSSL_wolfSSL/wolfssl/wolfcrypt/src/sp_int.c:6381:5:sp_add_d	32	static
F:/400_Cellular/Projects/H745_Discovery_TouchGFX/Middlewares/Third_Party/wolfSSL_wolfSSL_wolfSSL/wolfssl/wolfcrypt/src/sp_int.c:6444:5:sp_sub_d	32	static
F:/400_Cellular/Projects/H745_Discovery_TouchGFX/Middlewares/Third_Party/wolfSSL_wolfSSL_wolfSSL/wolfssl/wolfcrypt/src/sp_int.c:6514:12:_sp_mul_d	80	static
F:/400_Cellular/Projects/H745_Discovery_TouchGFX/Middlewares/Third_Party/wolfSSL_wolfSSL_wolfSSL/wolfssl/wolfcrypt/src/sp_int.c:6651:31:sp_div_word	72	static
F:/400_Cellular/Projects/H745_Discovery_TouchGFX/Middlewares/Third_Party/wolfSSL_wolfSSL_wolfSSL/wolfssl/wolfcrypt/src/sp_int.c:6959:13:_sp_div_small	96	static
F:/400_Cellular/Projects/H745_Discovery_TouchGFX/Middlewares/Third_Party/wolfSSL_wolfSSL_wolfSSL/wolfssl/wolfcrypt/src/sp_int.c:7063:13:_sp_div_d	96	static
F:/400_Cellular/Projects/H745_Discovery_TouchGFX/Middlewares/Third_Party/wolfSSL_wolfSSL_wolfSSL/wolfssl/wolfcrypt/src/sp_int.c:7126:5:sp_div_d	32	static
F:/400_Cellular/Projects/H745_Discovery_TouchGFX/Middlewares/Third_Party/wolfSSL_wolfSSL_wolfSSL/wolfssl/wolfcrypt/src/sp_int.c:7181:13:_sp_mod_d	96	static
F:/400_Cellular/Projects/H745_Discovery_TouchGFX/Middlewares/Third_Party/wolfSSL_wolfSSL_wolfSSL/wolfssl/wolfcrypt/src/sp_int.c:7228:5:sp_mod_d	32	static
F:/400_Cellular/Projects/H745_Discovery_TouchGFX/Middlewares/Third_Party/wolfSSL_wolfSSL_wolfSSL/wolfssl/wolfcrypt/src/sp_int.c:7295:13:_sp_div_2	24	static
F:/400_Cellular/Projects/H745_Discovery_TouchGFX/Middlewares/Third_Party/wolfSSL_wolfSSL_wolfSSL/wolfssl/wolfcrypt/src/sp_int.c:7456:13:_sp_add_off	112	static
F:/400_Cellular/Projects/H745_Discovery_TouchGFX/Middlewares/Third_Party/wolfSSL_wolfSSL_wolfSSL/wolfssl/wolfcrypt/src/sp_int.c:7603:13:_sp_sub_off	96	static
F:/400_Cellular/Projects/H745_Discovery_TouchGFX/Middlewares/Third_Party/wolfSSL_wolfSSL_wolfSSL/wolfssl/wolfcrypt/src/sp_int.c:7685:5:sp_add	32	static
F:/400_Cellular/Projects/H745_Discovery_TouchGFX/Middlewares/Third_Party/wolfSSL_wolfSSL_wolfSSL/wolfssl/wolfcrypt/src/sp_int.c:7745:5:sp_sub	32	static
F:/400_Cellular/Projects/H745_Discovery_TouchGFX/Middlewares/Third_Party/wolfSSL_wolfSSL_wolfSSL/wolfssl/wolfcrypt/src/sp_int.c:8013:13:sp_clamp_ct	40	static
F:/400_Cellular/Projects/H745_Discovery_TouchGFX/Middlewares/Third_Party/wolfSSL_wolfSSL_wolfSSL/wolfssl/wolfcrypt/src/sp_int.c:8220:13:_sp_submod_ct	112	static
F:/400_Cellular/Projects/H745_Discovery_TouchGFX/Middlewares/Third_Party/wolfSSL_wolfSSL_wolfSSL/wolfssl/wolfcrypt/src/sp_int.c:8397:5:sp_lshd	24	static
F:/400_Cellular/Projects/H745_Discovery_TouchGFX/Middlewares/Third_Party/wolfSSL_wolfSSL_wolfSSL/wolfssl/wolfcrypt/src/sp_int.c:8438:12:sp_lshb	32	static
F:/400_Cellular/Projects/H745_Discovery_TouchGFX/Middlewares/Third_Party/wolfSSL_wolfSSL_wolfSSL/wolfssl/wolfcrypt/src/sp_int.c:8528:5:sp_rshb	32	static
F:/400_Cellular/Projects/H745_Discovery_TouchGFX/Middlewares/Third_Party/wolfSSL_wolfSSL_wolfSSL/wolfssl/wolfcrypt/src/sp_int.c:8592:13:_sp_div_same_size	32	static
F:/400_Cellular/Projects/H745_Discovery_TouchGFX/Middlewares/Third_Party/wolfSSL_wolfSSL_wolfSSL/wolfssl/wolfcrypt/src/sp_int.c:8629:12:_sp_div_impl	48	static
F:/400_Cellular/Projects/H745_Discovery_TouchGFX/Middlewares/Third_Party/wolfSSL_wolfSSL_wolfSSL/wolfssl/wolfcrypt/src/sp_int.c:8811:12:_sp_div	112	static
F:/400_Cellular/Projects/H745_Discovery_TouchGFX/Middlewares/Third_Party/wolfSSL_wolfSSL_wolfSSL/wolfssl/wolfcrypt/src/sp_int.c:8987:5:sp_div	48	static
F:/400_Cellular/Projects/H745_Discovery_TouchGFX/Middlewares/Third_Party/wolfSSL_wolfSSL_wolfSSL/wolfssl/wolfcrypt/src/sp_int.c:9106:5:sp_mod	32	static
F:/400_Cellular/Projects/H745_Discovery_TouchGFX/Middlewares/Third_Party/wolfSSL_wolfSSL_wolfSSL/wolfssl/wolfcrypt/src/sp_int.c:9317:12:_sp_mul	184	static
F:/400_Cellular/Projects/H745_Discovery_TouchGFX/Middlewares/Third_Party/wolfSSL_wolfSSL_wolfSSL/wolfssl/wolfcrypt/src/sp_int.c:11996:5:sp_mul	32	static
F:/400_Cellular/Projects/H745_Discovery_TouchGFX/Middlewares/Third_Party/wolfSSL_wolfSSL_wolfSSL/wolfssl/wolfcrypt/src/sp_int.c:12153:12:_sp_mulmod_tmp	40	static
F:/400_Cellular/Projects/H745_Discovery_TouchGFX/Middlewares/Third_Party/wolfSSL_wolfSSL_wolfSSL/wolfssl/wolfcrypt/src/sp_int.c:12189:12:_sp_mulmod	32	static
F:/400_Cellular/Projects/H745_Discovery_TouchGFX/Middlewares/Third_Party/wolfSSL_wolfSSL_wolfSSL/wolfssl/wolfcrypt/src/sp_int.c:12224:5:sp_mulmod	32	static
F:/400_Cellular/Projects/H745_Discovery_TouchGFX/Middlewares/Third_Party/wolfSSL_wolfSSL_wolfSSL/wolfssl/wolfcrypt/src/sp_int.c:12290:12:_sp_invmod_bin	32	static
F:/400_Cellular/Projects/H745_Discovery_TouchGFX/Middlewares/Third_Party/wolfSSL_wolfSSL_wolfSSL/wolfssl/wolfcrypt/src/sp_int.c:12529:12:_sp_invmod	96	static
F:/400_Cellular/Projects/H745_Discovery_TouchGFX/Middlewares/Third_Party/wolfSSL_wolfSSL_wolfSSL/wolfssl/wolfcrypt/src/sp_int.c:12636:5:sp_invmod	32	static
F:/400_Cellular/Projects/H745_Discovery_TouchGFX/Middlewares/Third_Party/wolfSSL_wolfSSL_wolfSSL/wolfssl/wolfcrypt/src/sp_int.c:12985:12:_sp_exptmod_ex	88	static
F:/400_Cellular/Projects/H745_Discovery_TouchGFX/Middlewares/Third_Party/wolfSSL_wolfSSL_wolfSSL/wolfssl/wolfcrypt/src/sp_int.c:13949:5:sp_exptmod_ex	56	static
F:/400_Cellular/Projects/H745_Discovery_TouchGFX/Middlewares/Third_Party/wolfSSL_wolfSSL_wolfSSL/wolfssl/wolfcrypt/src/sp_int.c:14129:5:sp_exptmod	40	static
F:/400_Cellular/Projects/H745_Discovery_TouchGFX/Middlewares/Third_Party/wolfSSL_wolfSSL_wolfSSL/wolfssl/wolfcrypt/src/sp_int.c:14493:12:_sp_exptmod_nct	80	static
F:/400_Cellular/Projects/H745_Discovery_TouchGFX/Middlewares/Third_Party/wolfSSL_wolfSSL_wolfSSL/wolfssl/wolfcrypt/src/sp_int.c:14593:5:sp_exptmod_nct	40	static
F:/400_Cellular/Projects/H745_Discovery_TouchGFX/Middlewares/Third_Party/wolfSSL_wolfSSL_wolfSSL/wolfssl/wolfcrypt/src/sp_int.c:14734:5:sp_mod_2d	40	static
F:/400_Cellular/Projects/H745_Discovery_TouchGFX/Middlewares/Third_Party/wolfSSL_wolfSSL_wolfSSL/wolfssl/wolfcrypt/src/sp_int.c:17157:5:sp_sqr	16	static
F:/400_Cellular/Projects/H745_Discovery_TouchGFX/Middlewares/Third_Party/wolfSSL_wolfSSL_wolfSSL/wolfssl/wolfcrypt/src/sp_int.c:17297:12:_sp_sqrmod	40	static
F:/400_Cellular/Projects/H745_Discovery_TouchGFX/Middlewares/Third_Party/wolfSSL_wolfSSL_wolfSSL/wolfssl/wolfcrypt/src/sp_int.c:17332:5:sp_sqrmod	32	static
F:/400_Cellular/Projects/H745_Discovery_TouchGFX/Middlewares/Third_Party/wolfSSL_wolfSSL_wolfSSL/wolfssl/wolfcrypt/src/sp_int.c:17400:12:_sp_mont_red	320	static
F:/400_Cellular/Projects/H745_Discovery_TouchGFX/Middlewares/Third_Party/wolfSSL_wolfSSL_wolfSSL/wolfssl/wolfcrypt/src/sp_int.c:17868:5:sp_mont_red_ex	32	static
F:/400_Cellular/Projects/H745_Discovery_TouchGFX/Middlewares/Third_Party/wolfSSL_wolfSSL_wolfSSL/wolfssl/wolfcrypt/src/sp_int.c:17905:13:_sp_mont_setup	32	static
F:/400_Cellular/Projects/H745_Discovery_TouchGFX/Middlewares/Third_Party/wolfSSL_wolfSSL_wolfSSL/wolfssl/wolfcrypt/src/sp_int.c:17937:5:sp_mont_setup	24	static
F:/400_Cellular/Projects/H745_Discovery_TouchGFX/Middlewares/Third_Party/wolfSSL_wolfSSL_wolfSSL/wolfssl/wolfcrypt/src/sp_int.c:17968:5:sp_mont_norm	32	static
F:/400_Cellular/Projects/H745_Discovery_TouchGFX/Middlewares/Third_Party/wolfSSL_wolfSSL_wolfSSL/wolfssl/wolfcrypt/src/sp_int.c:18032:5:sp_unsigned_bin_size	24	static
F:/400_Cellular/Projects/H745_Discovery_TouchGFX/Middlewares/Third_Party/wolfSSL_wolfSSL_wolfSSL/wolfssl/wolfcrypt/src/sp_int.c:18053:5:sp_read_unsigned_bin	40	static
F:/400_Cellular/Projects/H745_Discovery_TouchGFX/Middlewares/Third_Party/wolfSSL_wolfSSL_wolfSSL/wolfssl/wolfcrypt/src/sp_int.c:18154:5:sp_to_unsigned_bin	16	static
F:/400_Cellular/Projects/H745_Discovery_TouchGFX/Middlewares/Third_Party/wolfSSL_wolfSSL_wolfSSL/wolfssl/wolfcrypt/src/sp_int.c:18173:5:sp_to_unsigned_bin_len	48	static
F:/400_Cellular/Projects/H745_Discovery_TouchGFX/Middlewares/Third_Party/wolfSSL_wolfSSL_wolfSSL/wolfssl/wolfcrypt/src/sp_int.c:18247:5:sp_to_unsigned_bin_len_ct	56	static
F:/400_Cellular/Projects/H745_Discovery_TouchGFX/Middlewares/Third_Party/wolfSSL_wolfSSL_wolfSSL/wolfssl/wolfcrypt/src/sp_int.c:18343:12:_sp_read_radix_16	56	static
F:/400_Cellular/Projects/H745_Discovery_TouchGFX/Middlewares/Third_Party/wolfSSL_wolfSSL_wolfSSL/wolfssl/wolfcrypt/src/sp_int.c:18474:5:sp_read_radix	32	static
F:/400_Cellular/Projects/H745_Discovery_TouchGFX/Middlewares/Third_Party/wolfSSL_wolfSSL_wolfSSL/wolfssl/wolfcrypt/src/sp_int.c:18548:5:sp_tohex	40	static
F:/400_Cellular/Projects/H745_Discovery_TouchGFX/Middlewares/Third_Party/wolfSSL_wolfSSL_wolfSSL/wolfssl/wolfcrypt/src/sp_int.c:18652:5:sp_todecimal	48	static
F:/400_Cellular/Projects/H745_Discovery_TouchGFX/Middlewares/Third_Party/wolfSSL_wolfSSL_wolfSSL/wolfssl/wolfcrypt/src/sp_int.c:18730:5:sp_toradix	32	static
F:/400_Cellular/Projects/H745_Discovery_TouchGFX/Middlewares/Third_Party/wolfSSL_wolfSSL_wolfSSL/wolfssl/wolfcrypt/src/sp_int.c:18771:5:sp_radix_size	32	static
F:/400_Cellular/Projects/H745_Discovery_TouchGFX/Middlewares/Third_Party/wolfSSL_wolfSSL_wolfSSL/wolfssl/wolfcrypt/src/sp_int.c:19037:12:sp_prime_miller_rabin	40	static
F:/400_Cellular/Projects/H745_Discovery_TouchGFX/Middlewares/Third_Party/wolfSSL_wolfSSL_wolfSSL/wolfssl/wolfcrypt/src/sp_int.c:19162:22:sp_cmp_primes	24	static
F:/400_Cellular/Projects/H745_Discovery_TouchGFX/Middlewares/Third_Party/wolfSSL_wolfSSL_wolfSSL/wolfssl/wolfcrypt/src/sp_int.c:19218:22:sp_div_primes	40	static
F:/400_Cellular/Projects/H745_Discovery_TouchGFX/Middlewares/Third_Party/wolfSSL_wolfSSL_wolfSSL/wolfssl/wolfcrypt/src/sp_int.c:19274:12:_sp_prime_trials	64	static
F:/400_Cellular/Projects/H745_Discovery_TouchGFX/Middlewares/Third_Party/wolfSSL_wolfSSL_wolfSSL/wolfssl/wolfcrypt/src/sp_int.c:19327:5:sp_prime_is_prime	32	static
F:/400_Cellular/Projects/H745_Discovery_TouchGFX/Middlewares/Third_Party/wolfSSL_wolfSSL_wolfSSL/wolfssl/wolfcrypt/src/sp_int.c:19395:12:_sp_prime_random_trials	112	static
F:/400_Cellular/Projects/H745_Discovery_TouchGFX/Middlewares/Third_Party/wolfSSL_wolfSSL_wolfSSL/wolfssl/wolfcrypt/src/sp_int.c:19485:5:sp_prime_is_prime_ex	40	static
F:/400_Cellular/Projects/H745_Discovery_TouchGFX/Middlewares/Third_Party/wolfSSL_wolfSSL_wolfSSL/wolfssl/wolfcrypt/src/sp_int.c:19849:8:CheckRunTimeSettings	4	static
F:/400_Cellular/Projects/H745_Discovery_TouchGFX/Middlewares/Third_Party/wolfSSL_wolfSSL_wolfSSL/wolfssl/wolfcrypt/src/sp_int.c:19858:8:CheckRunTimeFastMath	4	static
