F:/400_Cellular/Projects/H745_Discovery_TouchGFX/Utilities/JPEG/jpeg_utils.c:1099:17:JPEG_MCU_YCbCr420_ARGB_ConvertBlocks	96	static
F:/400_Cellular/Projects/H745_Discovery_TouchGFX/Utilities/JPEG/jpeg_utils.c:1283:17:JPEG_MCU_YCbCr422_ARGB_ConvertBlocks	96	static
F:/400_Cellular/Projects/H745_Discovery_TouchGFX/Utilities/JPEG/jpeg_utils.c:1414:17:JPEG_MCU_YCbCr444_ARGB_ConvertBlocks	88	static
F:/400_Cellular/Projects/H745_Discovery_TouchGFX/Utilities/JPEG/jpeg_utils.c:1519:17:JPEG_MCU_Gray_ARGB_ConvertBlocks	64	static
F:/400_Cellular/Projects/H745_Discovery_TouchGFX/Utilities/JPEG/jpeg_utils.c:1596:17:JPEG_MCU_YCCK_ARGB_ConvertBlocks	80	static
F:/400_Cellular/Projects/H745_Discovery_TouchGFX/Utilities/JPEG/jpeg_utils.c:1689:19:JPEG_GetDecodeColorConvertFunc	32	static
F:/400_Cellular/Projects/H745_Discovery_TouchGFX/Utilities/JPEG/jpeg_utils.c:1797:6:JPEG_InitPostProcColorTables	16	static
F:/400_Cellular/Projects/H745_Discovery_TouchGFX/Utilities/JPEG/jpeg_utils.c:1819:6:JPEG_InitColorTables	8	static
