F:/400_Cellular/Projects/H745_Discovery_TouchGFX/CM7/Core/Src/main.c:443:5:main	24	static,ignoring_inline_asm
F:/400_Cellular/Projects/H745_Discovery_TouchGFX/CM7/Core/Src/main.c:614:6:SystemClock_Config	120	static
F:/400_Cellular/Projects/H745_Discovery_TouchGFX/CM7/Core/Src/main.c:679:13:MX_CRC_Init	8	static
F:/400_Cellular/Projects/H745_Discovery_TouchGFX/CM7/Core/Src/main.c:710:13:MX_DMA2D_Init	8	static
F:/400_Cellular/Projects/H745_Discovery_TouchGFX/CM7/Core/Src/main.c:739:13:MX_I2C4_Init	8	static
F:/400_Cellular/Projects/H745_Discovery_TouchGFX/CM7/Core/Src/main.c:787:13:MX_JPEG_Init	8	static
F:/400_Cellular/Projects/H745_Discovery_TouchGFX/CM7/Core/Src/main.c:813:13:MX_LTDC_Init	64	static
F:/400_Cellular/Projects/H745_Discovery_TouchGFX/CM7/Core/Src/main.c:875:13:MX_QUADSPI_Init	8	static
F:/400_Cellular/Projects/H745_Discovery_TouchGFX/CM7/Core/Src/main.c:909:13:MX_RNG_Init	8	static
F:/400_Cellular/Projects/H745_Discovery_TouchGFX/CM7/Core/Src/main.c:936:13:MX_RTC_Init	8	static
F:/400_Cellular/Projects/H745_Discovery_TouchGFX/CM7/Core/Src/main.c:972:13:MX_SDMMC1_MMC_Init	8	static
F:/400_Cellular/Projects/H745_Discovery_TouchGFX/CM7/Core/Src/main.c:1003:13:MX_USART1_UART_Init	8	static
F:/400_Cellular/Projects/H745_Discovery_TouchGFX/CM7/Core/Src/main.c:1051:13:MX_USART2_UART_Init	8	static
F:/400_Cellular/Projects/H745_Discovery_TouchGFX/CM7/Core/Src/main.c:1097:13:MX_MDMA_Init	16	static
F:/400_Cellular/Projects/H745_Discovery_TouchGFX/CM7/Core/Src/main.c:1112:6:MX_FMC_Init	40	static
F:/400_Cellular/Projects/H745_Discovery_TouchGFX/CM7/Core/Src/main.c:1163:13:MX_GPIO_Init	72	static
F:/400_Cellular/Projects/H745_Discovery_TouchGFX/CM7/Core/Src/main.c:1281:9:ConvertTimeToUNIX	24	static
F:/400_Cellular/Projects/H745_Discovery_TouchGFX/CM7/Core/Src/main.c:1303:10:Diagnostic_Receive_Response	24	static
F:/400_Cellular/Projects/H745_Discovery_TouchGFX/CM7/Core/Src/main.c:1345:6:HAL_UART_RxCpltCallback	24	static
F:/400_Cellular/Projects/H745_Discovery_TouchGFX/CM7/Core/Src/main.c:1418:6:PrintBytes	32	static
F:/400_Cellular/Projects/H745_Discovery_TouchGFX/CM7/Core/Src/main.c:1492:6:PrintStartupBanner	24	static
F:/400_Cellular/Projects/H745_Discovery_TouchGFX/CM7/Core/Src/main.c:1514:10:RandomValue	8	static
F:/400_Cellular/Projects/H745_Discovery_TouchGFX/CM7/Core/Src/main.c:1530:6:ZWave_Display_Received_Frame_Data	16	static
F:/400_Cellular/Projects/H745_Discovery_TouchGFX/CM7/Core/Src/main.c:1545:6:ZWave_Display_Tx_Report	16	static
F:/400_Cellular/Projects/H745_Discovery_TouchGFX/CM7/Core/Src/main.c:1616:9:ZWave_DSK_Extract_NWIAuthHomeID	32	static
F:/400_Cellular/Projects/H745_Discovery_TouchGFX/CM7/Core/Src/main.c:1649:9:ZWave_DSK_Find_Zeroized	24	static
F:/400_Cellular/Projects/H745_Discovery_TouchGFX/CM7/Core/Src/main.c:1688:9:ZWave_DSK_IsProcessing	24	static
F:/400_Cellular/Projects/H745_Discovery_TouchGFX/CM7/Core/Src/main.c:1718:9:ZWave_DSK_IsZeroized	32	static
F:/400_Cellular/Projects/H745_Discovery_TouchGFX/CM7/Core/Src/main.c:1755:6:ZWave_DSK_Write	32	static
F:/400_Cellular/Projects/H745_Discovery_TouchGFX/CM7/Core/Src/main.c:1783:9:ZWave_DSK_Write_From_String	72	static
F:/400_Cellular/Projects/H745_Discovery_TouchGFX/CM7/Core/Src/main.c:1900:6:ZWave_DSK_Zeroize	32	static
F:/400_Cellular/Projects/H745_Discovery_TouchGFX/CM7/Core/Src/main.c:1927:9:ZWave_Enqueue_Request	40	static
F:/400_Cellular/Projects/H745_Discovery_TouchGFX/CM7/Core/Src/main.c:1980:9:ZWave_Enqueue_Request_Unsolicited	40	static
F:/400_Cellular/Projects/H745_Discovery_TouchGFX/CM7/Core/Src/main.c:2032:22:ZWave_Handle_CHECKSUM	32	static
F:/400_Cellular/Projects/H745_Discovery_TouchGFX/CM7/Core/Src/main.c:2114:6:ZWave_Handle_CMD	16	static
F:/400_Cellular/Projects/H745_Discovery_TouchGFX/CM7/Core/Src/main.c:2151:6:ZWave_Handle_DATA	16	static
F:/400_Cellular/Projects/H745_Discovery_TouchGFX/CM7/Core/Src/main.c:2178:6:ZWave_Handle_Default	16	static
F:/400_Cellular/Projects/H745_Discovery_TouchGFX/CM7/Core/Src/main.c:2210:6:ZWave_Handle_LEN	24	static
F:/400_Cellular/Projects/H745_Discovery_TouchGFX/CM7/Core/Src/main.c:2252:22:ZWave_Handle_SOF	32	static
F:/400_Cellular/Projects/H745_Discovery_TouchGFX/CM7/Core/Src/main.c:2377:6:ZWave_Handle_TYPE	24	static
F:/400_Cellular/Projects/H745_Discovery_TouchGFX/CM7/Core/Src/main.c:2424:6:ZWave_Identify_Basic_Device_Type	24	static
F:/400_Cellular/Projects/H745_Discovery_TouchGFX/CM7/Core/Src/main.c:2452:6:ZWave_Identify_Generic_Device_Type	24	static
F:/400_Cellular/Projects/H745_Discovery_TouchGFX/CM7/Core/Src/main.c:2547:6:ZWave_Identify_Specific_Device_Type	24	static
F:/400_Cellular/Projects/H745_Discovery_TouchGFX/CM7/Core/Src/main.c:2707:22:ZWave_Parse_Rx_Data	32	static
F:/400_Cellular/Projects/H745_Discovery_TouchGFX/CM7/Core/Src/main.c:2814:6:ZWave_Pop_Callback_Queue	4	static
F:/400_Cellular/Projects/H745_Discovery_TouchGFX/CM7/Core/Src/main.c:2843:6:ZWave_Pop_Command_Queue	4	static
F:/400_Cellular/Projects/H745_Discovery_TouchGFX/CM7/Core/Src/main.c:2872:10:ZWave_Receive_Response	24	static
F:/400_Cellular/Projects/H745_Discovery_TouchGFX/CM7/Core/Src/main.c:2914:6:ZWave_RES_CMD_02_Get_Init_Data	40	static
F:/400_Cellular/Projects/H745_Discovery_TouchGFX/CM7/Core/Src/main.c:3005:6:ZWave_RES_CMD_05_ZW_Get_Controller_Capabilities	24	static
F:/400_Cellular/Projects/H745_Discovery_TouchGFX/CM7/Core/Src/main.c:3025:6:ZWave_RES_CMD_07_Serial_API_Get_Capabilities	40	static
F:/400_Cellular/Projects/H745_Discovery_TouchGFX/CM7/Core/Src/main.c:3060:6:ZWave_REQ_CMD_0A_Serial_API_Started	24	static
F:/400_Cellular/Projects/H745_Discovery_TouchGFX/CM7/Core/Src/main.c:3253:6:ZWave_RES_CMD_0B_Serial_API_Setup	48	static
F:/400_Cellular/Projects/H745_Discovery_TouchGFX/CM7/Core/Src/main.c:3487:6:ZWave_RSQ_CMD_12_ZW_Send_Node_Information	16	static
F:/400_Cellular/Projects/H745_Discovery_TouchGFX/CM7/Core/Src/main.c:3543:6:ZWave_RSQ_CMD_13_ZW_Send_Data	16	static
F:/400_Cellular/Projects/H745_Discovery_TouchGFX/CM7/Core/Src/main.c:3578:6:ZWave_RES_CMD_15_ZW_Get_Version	16	static
F:/400_Cellular/Projects/H745_Discovery_TouchGFX/CM7/Core/Src/main.c:3615:6:ZWave_RES_CMD_20_Memory_Get_ID	24	static
F:/400_Cellular/Projects/H745_Discovery_TouchGFX/CM7/Core/Src/main.c:3653:6:ZWave_RES_CMD_28_NVR_Get_Value	16	static
F:/400_Cellular/Projects/H745_Discovery_TouchGFX/CM7/Core/Src/main.c:3668:6:ZWave_RES_CMD_41_ZW_Get_Node_Protocol_Info	16	static
F:/400_Cellular/Projects/H745_Discovery_TouchGFX/CM7/Core/Src/main.c:3734:6:ZWave_RSQ_CMD_46_ZW_Assign_Return_Route	16	static
F:/400_Cellular/Projects/H745_Discovery_TouchGFX/CM7/Core/Src/main.c:3789:6:ZWave_RSQ_CMD_47_ZW_Delete_Return_Route	16	static
F:/400_Cellular/Projects/H745_Discovery_TouchGFX/CM7/Core/Src/main.c:3844:6:ZWave_REQ_CMD_49_ZW_Application_Update	16	static
F:/400_Cellular/Projects/H745_Discovery_TouchGFX/CM7/Core/Src/main.c:3993:6:ZWave_REQ_CMD_4A_ZW_Add_Node_To_Network	16	static
F:/400_Cellular/Projects/H745_Discovery_TouchGFX/CM7/Core/Src/main.c:4056:6:ZWave_REQ_CMD_4B_ZW_Remove_Node_From_Network	16	static
F:/400_Cellular/Projects/H745_Discovery_TouchGFX/CM7/Core/Src/main.c:4113:6:ZWave_RES_CMD_50_ZW_Set_Learn_Mode	16	static
F:/400_Cellular/Projects/H745_Discovery_TouchGFX/CM7/Core/Src/main.c:4132:6:ZWave_RSQ_CMD_51_ZW_Assign_SUC_Return_Route	16	static
F:/400_Cellular/Projects/H745_Discovery_TouchGFX/CM7/Core/Src/main.c:4188:6:ZWave_RSQ_CMD_54_ZW_Set_SUC_NodeID	16	static
F:/400_Cellular/Projects/H745_Discovery_TouchGFX/CM7/Core/Src/main.c:4238:6:ZWave_RSQ_CMD_55_ZW_Delete_SUC_Return_Route	16	static
F:/400_Cellular/Projects/H745_Discovery_TouchGFX/CM7/Core/Src/main.c:4294:6:ZWave_RES_CMD_56_ZW_Get_SUC_Node_ID	24	static
F:/400_Cellular/Projects/H745_Discovery_TouchGFX/CM7/Core/Src/main.c:4306:6:ZWave_RES_CMD_60_ZW_Request_Node_Info	16	static
F:/400_Cellular/Projects/H745_Discovery_TouchGFX/CM7/Core/Src/main.c:4324:6:ZWave_RES_CMD_A6_ZW_Is_Virtual_Node	16	static
F:/400_Cellular/Projects/H745_Discovery_TouchGFX/CM7/Core/Src/main.c:4345:6:ZWave_RES_CMD_A8_Application_Command_Handler_Bridge	24	static
F:/400_Cellular/Projects/H745_Discovery_TouchGFX/CM7/Core/Src/main.c:4386:6:ZWave_RES_CMD_A9_ZW_Send_Data_Bridge	16	static
F:/400_Cellular/Projects/H745_Discovery_TouchGFX/CM7/Core/Src/main.c:4421:6:ZWave_RES_CMD_DA_Serial_API_Get_LR_Nodes	32	static
F:/400_Cellular/Projects/H745_Discovery_TouchGFX/CM7/Core/Src/main.c:4450:6:ZWave_RES_CMD_DE_Get_DCDC_Config	16	static
F:/400_Cellular/Projects/H745_Discovery_TouchGFX/CM7/Core/Src/main.c:4476:6:ZWave_RES_CMD_DF_Set_DCDC_Config	16	static
F:/400_Cellular/Projects/H745_Discovery_TouchGFX/CM7/Core/Src/main.c:4495:6:ZWave_RES_CMD_E8_Get_Radio_PTI	16	static
F:/400_Cellular/Projects/H745_Discovery_TouchGFX/CM7/Core/Src/main.c:4514:6:ZWave_Rx_CC_26_Switch_Multilevel_V4	16	static
F:/400_Cellular/Projects/H745_Discovery_TouchGFX/CM7/Core/Src/main.c:4585:6:ZWave_Rx_CC_9F_Security_2_V2	32	static
F:/400_Cellular/Projects/H745_Discovery_TouchGFX/CM7/Core/Src/main.c:4856:6:ZWave_Rx_CC_XX_Unsupported	16	static
F:/400_Cellular/Projects/H745_Discovery_TouchGFX/CM7/Core/Src/main.c:4868:6:ZWave_RES_CMD_XX_Unsupported	16	static
F:/400_Cellular/Projects/H745_Discovery_TouchGFX/CM7/Core/Src/main.c:4879:9:ZWave_Scan_ProvisioningList_For_NWIHomeID	40	static
F:/400_Cellular/Projects/H745_Discovery_TouchGFX/CM7/Core/Src/main.c:5302:12:ZWave_SerialAPI_StateMachine	32	static
F:/400_Cellular/Projects/H745_Discovery_TouchGFX/CM7/Core/Src/main.c:5623:6:ZWave_Transmit_Frame	24	static
F:/400_Cellular/Projects/H745_Discovery_TouchGFX/CM7/Core/Src/main.c:5702:9:ZWave_XOR_Checksum	24	static
F:/400_Cellular/Projects/H745_Discovery_TouchGFX/CM7/Core/Src/main.c:5732:6:MainTask	72	static
F:/400_Cellular/Projects/H745_Discovery_TouchGFX/CM7/Core/Src/main.c:6088:13:TouchGFX_Task	16	static
F:/400_Cellular/Projects/H745_Discovery_TouchGFX/CM7/Core/Src/main.c:6106:6:InputTask	24	static
F:/400_Cellular/Projects/H745_Discovery_TouchGFX/CM7/Core/Src/main.c:6125:6:OutputTask	32	static
F:/400_Cellular/Projects/H745_Discovery_TouchGFX/CM7/Core/Src/main.c:6154:6:DatalogTask	24	static
F:/400_Cellular/Projects/H745_Discovery_TouchGFX/CM7/Core/Src/main.c:6173:6:NetworkTask	24	static
F:/400_Cellular/Projects/H745_Discovery_TouchGFX/CM7/Core/Src/main.c:6192:6:ZWaveTask	80	static
F:/400_Cellular/Projects/H745_Discovery_TouchGFX/CM7/Core/Src/main.c:6639:6:MPU_Config	24	static
F:/400_Cellular/Projects/H745_Discovery_TouchGFX/CM7/Core/Src/main.c:6682:6:HAL_TIM_PeriodElapsedCallback	16	static
F:/400_Cellular/Projects/H745_Discovery_TouchGFX/CM7/Core/Src/main.c:6700:6:Error_Handler	16	static,ignoring_inline_asm
F:/400_Cellular/Projects/H745_Discovery_TouchGFX/CM7/Core/Src/main.c:6719:6:assert_failed	16	static
