F:/400_Cellular/Projects/H745_Discovery_TouchGFX/CM7/Core/Src/main.c:397:5:main	5
F:/400_Cellular/Projects/H745_Discovery_TouchGFX/CM7/Core/Src/main.c:567:6:SystemClock_Config	4
F:/400_Cellular/Projects/H745_Discovery_TouchGFX/CM7/Core/Src/main.c:631:13:MX_CRC_Init	2
F:/400_Cellular/Projects/H745_Discovery_TouchGFX/CM7/Core/Src/main.c:662:13:MX_DMA2D_Init	2
F:/400_Cellular/Projects/H745_Discovery_TouchGFX/CM7/Core/Src/main.c:691:13:MX_I2C4_Init	4
F:/400_Cellular/Projects/H745_Discovery_TouchGFX/CM7/Core/Src/main.c:739:13:MX_JPEG_Init	2
F:/400_Cellular/Projects/H745_Discovery_TouchGFX/CM7/Core/Src/main.c:765:13:MX_LTDC_Init	3
F:/400_Cellular/Projects/H745_Discovery_TouchGFX/CM7/Core/Src/main.c:827:13:MX_QUADSPI_Init	2
F:/400_Cellular/Projects/H745_Discovery_TouchGFX/CM7/Core/Src/main.c:861:13:MX_RTC_Init	2
F:/400_Cellular/Projects/H745_Discovery_TouchGFX/CM7/Core/Src/main.c:897:13:MX_SDMMC1_MMC_Init	2
F:/400_Cellular/Projects/H745_Discovery_TouchGFX/CM7/Core/Src/main.c:928:13:MX_USART1_UART_Init	5
F:/400_Cellular/Projects/H745_Discovery_TouchGFX/CM7/Core/Src/main.c:976:13:MX_USART2_UART_Init	5
F:/400_Cellular/Projects/H745_Discovery_TouchGFX/CM7/Core/Src/main.c:1022:13:MX_MDMA_Init	1
F:/400_Cellular/Projects/H745_Discovery_TouchGFX/CM7/Core/Src/main.c:1037:6:MX_FMC_Init	2
F:/400_Cellular/Projects/H745_Discovery_TouchGFX/CM7/Core/Src/main.c:1088:13:MX_GPIO_Init	1
F:/400_Cellular/Projects/H745_Discovery_TouchGFX/CM7/Core/Src/main.c:1206:9:ConvertTimeToUNIX	1
F:/400_Cellular/Projects/H745_Discovery_TouchGFX/CM7/Core/Src/main.c:1228:10:Diagnostic_Receive_Response	5
F:/400_Cellular/Projects/H745_Discovery_TouchGFX/CM7/Core/Src/main.c:1270:6:HAL_UART_RxCpltCallback	4
F:/400_Cellular/Projects/H745_Discovery_TouchGFX/CM7/Core/Src/main.c:1343:6:PrintBytes	13
F:/400_Cellular/Projects/H745_Discovery_TouchGFX/CM7/Core/Src/main.c:1417:6:PrintStartupBanner	1
F:/400_Cellular/Projects/H745_Discovery_TouchGFX/CM7/Core/Src/main.c:1439:6:ZWave_Display_Received_Frame_Data	1
F:/400_Cellular/Projects/H745_Discovery_TouchGFX/CM7/Core/Src/main.c:1456:9:ZWave_Enqueue_Request	5
F:/400_Cellular/Projects/H745_Discovery_TouchGFX/CM7/Core/Src/main.c:1509:9:ZWave_Enqueue_Request_Unsolicited	5
F:/400_Cellular/Projects/H745_Discovery_TouchGFX/CM7/Core/Src/main.c:1561:22:ZWave_Handle_CHECKSUM	8
F:/400_Cellular/Projects/H745_Discovery_TouchGFX/CM7/Core/Src/main.c:1635:6:ZWave_Handle_CMD	2
F:/400_Cellular/Projects/H745_Discovery_TouchGFX/CM7/Core/Src/main.c:1672:6:ZWave_Handle_DATA	3
F:/400_Cellular/Projects/H745_Discovery_TouchGFX/CM7/Core/Src/main.c:1699:6:ZWave_Handle_Default	1
F:/400_Cellular/Projects/H745_Discovery_TouchGFX/CM7/Core/Src/main.c:1731:6:ZWave_Handle_LEN	3
F:/400_Cellular/Projects/H745_Discovery_TouchGFX/CM7/Core/Src/main.c:1773:22:ZWave_Handle_SOF	17
F:/400_Cellular/Projects/H745_Discovery_TouchGFX/CM7/Core/Src/main.c:1898:6:ZWave_Handle_TYPE	3
F:/400_Cellular/Projects/H745_Discovery_TouchGFX/CM7/Core/Src/main.c:1945:22:ZWave_Parse_Rx_Data	15
F:/400_Cellular/Projects/H745_Discovery_TouchGFX/CM7/Core/Src/main.c:2052:6:ZWave_Pop_Callback_Queue	3
F:/400_Cellular/Projects/H745_Discovery_TouchGFX/CM7/Core/Src/main.c:2081:6:ZWave_Pop_Command_Queue	3
F:/400_Cellular/Projects/H745_Discovery_TouchGFX/CM7/Core/Src/main.c:2110:10:ZWave_Receive_Response	5
F:/400_Cellular/Projects/H745_Discovery_TouchGFX/CM7/Core/Src/main.c:2152:6:ZWave_RES_CMD_02_Get_Init_Data	9
F:/400_Cellular/Projects/H745_Discovery_TouchGFX/CM7/Core/Src/main.c:2234:6:ZWave_RES_CMD_05_ZW_Get_Controller_Capabilities	7
F:/400_Cellular/Projects/H745_Discovery_TouchGFX/CM7/Core/Src/main.c:2254:6:ZWave_RES_CMD_07_Serial_API_Get_Capabilities	4
F:/400_Cellular/Projects/H745_Discovery_TouchGFX/CM7/Core/Src/main.c:2289:6:ZWave_REQ_CMD_0A_Serial_API_Started	56
F:/400_Cellular/Projects/H745_Discovery_TouchGFX/CM7/Core/Src/main.c:2569:6:ZWave_RES_CMD_0B_Serial_API_Setup	53
F:/400_Cellular/Projects/H745_Discovery_TouchGFX/CM7/Core/Src/main.c:2803:6:ZWave_RSQ_CMD_13_ZW_Send_Data	3
F:/400_Cellular/Projects/H745_Discovery_TouchGFX/CM7/Core/Src/main.c:2845:6:ZWave_RES_CMD_15_ZW_Get_Version	3
F:/400_Cellular/Projects/H745_Discovery_TouchGFX/CM7/Core/Src/main.c:2882:6:ZWave_RES_CMD_20_Memory_Get_ID	1
F:/400_Cellular/Projects/H745_Discovery_TouchGFX/CM7/Core/Src/main.c:2915:6:ZWave_RES_CMD_28_NVR_Get_Value	1
F:/400_Cellular/Projects/H745_Discovery_TouchGFX/CM7/Core/Src/main.c:2930:6:ZWave_RES_CMD_41_ZW_Get_Node_Protocol_Info	42
F:/400_Cellular/Projects/H745_Discovery_TouchGFX/CM7/Core/Src/main.c:3109:6:ZWave_RES_CMD_56_ZW_Get_SUC_Node_ID	1
F:/400_Cellular/Projects/H745_Discovery_TouchGFX/CM7/Core/Src/main.c:3121:6:ZWave_RES_CMD_A6_ZW_Is_Virtual_Node	2
F:/400_Cellular/Projects/H745_Discovery_TouchGFX/CM7/Core/Src/main.c:3142:6:ZWave_RES_CMD_DA_Serial_API_Get_LR_Nodes	1
F:/400_Cellular/Projects/H745_Discovery_TouchGFX/CM7/Core/Src/main.c:3157:6:ZWave_RES_CMD_DE_Get_DCDC_Config	5
F:/400_Cellular/Projects/H745_Discovery_TouchGFX/CM7/Core/Src/main.c:3183:6:ZWave_RES_CMD_E8_Get_Radio_PTI	2
F:/400_Cellular/Projects/H745_Discovery_TouchGFX/CM7/Core/Src/main.c:3202:6:ZWave_RES_CMD_XX_Unsupported	1
F:/400_Cellular/Projects/H745_Discovery_TouchGFX/CM7/Core/Src/main.c:3213:6:ZWave_Send_REQ_CMD_02_Serial_API_Get_Init_Data	1
F:/400_Cellular/Projects/H745_Discovery_TouchGFX/CM7/Core/Src/main.c:3225:6:ZWave_Send_REQ_CMD_05_Get_Controller_Capabilities	1
F:/400_Cellular/Projects/H745_Discovery_TouchGFX/CM7/Core/Src/main.c:3237:6:ZWave_Send_REQ_CMD_07_Serial_API_Get_Capabilities	1
F:/400_Cellular/Projects/H745_Discovery_TouchGFX/CM7/Core/Src/main.c:3249:6:ZWave_Send_REQ_CMD_08_Serial_API_Soft_Reset	1
F:/400_Cellular/Projects/H745_Discovery_TouchGFX/CM7/Core/Src/main.c:3261:6:ZWave_Send_REQ_CMD_0B_Serial_API_Setup	14
F:/400_Cellular/Projects/H745_Discovery_TouchGFX/CM7/Core/Src/main.c:3351:6:ZWave_Send_REQ_CMD_20_Memory_Get_ID	1
F:/400_Cellular/Projects/H745_Discovery_TouchGFX/CM7/Core/Src/main.c:3363:6:ZWave_Send_REQ_CMD_41_Get_Node_Protocol_Info	2
F:/400_Cellular/Projects/H745_Discovery_TouchGFX/CM7/Core/Src/main.c:3387:6:ZWave_Send_REQ_CMD_56_Get_SUC_Node_ID	1
F:/400_Cellular/Projects/H745_Discovery_TouchGFX/CM7/Core/Src/main.c:3399:6:ZWave_Send_REQ_CMD_DA_Serial_API_Get_LR_Nodes	1
F:/400_Cellular/Projects/H745_Discovery_TouchGFX/CM7/Core/Src/main.c:3412:6:ZWave_Send_REQ_CMD_DE_Get_DCDC_Config	1
F:/400_Cellular/Projects/H745_Discovery_TouchGFX/CM7/Core/Src/main.c:3424:6:ZWave_Send_REQ_CMD_E8_Get_Radio_PTI	1
F:/400_Cellular/Projects/H745_Discovery_TouchGFX/CM7/Core/Src/main.c:3531:12:ZWave_SerialAPI_StateMachine	25
F:/400_Cellular/Projects/H745_Discovery_TouchGFX/CM7/Core/Src/main.c:3852:6:ZWave_Transmit_Frame	3
F:/400_Cellular/Projects/H745_Discovery_TouchGFX/CM7/Core/Src/main.c:3931:9:ZWave_XOR_Checksum	2
F:/400_Cellular/Projects/H745_Discovery_TouchGFX/CM7/Core/Src/main.c:3961:6:MainTask	20
F:/400_Cellular/Projects/H745_Discovery_TouchGFX/CM7/Core/Src/main.c:4274:13:TouchGFX_Task	1
F:/400_Cellular/Projects/H745_Discovery_TouchGFX/CM7/Core/Src/main.c:4292:6:InputTask	1
F:/400_Cellular/Projects/H745_Discovery_TouchGFX/CM7/Core/Src/main.c:4311:6:OutputTask	2
F:/400_Cellular/Projects/H745_Discovery_TouchGFX/CM7/Core/Src/main.c:4340:6:DatalogTask	1
F:/400_Cellular/Projects/H745_Discovery_TouchGFX/CM7/Core/Src/main.c:4359:6:NetworkTask	1
F:/400_Cellular/Projects/H745_Discovery_TouchGFX/CM7/Core/Src/main.c:4378:6:ZWaveTask	12
F:/400_Cellular/Projects/H745_Discovery_TouchGFX/CM7/Core/Src/main.c:4560:6:MPU_Config	1
F:/400_Cellular/Projects/H745_Discovery_TouchGFX/CM7/Core/Src/main.c:4603:6:HAL_TIM_PeriodElapsedCallback	2
F:/400_Cellular/Projects/H745_Discovery_TouchGFX/CM7/Core/Src/main.c:4621:6:Error_Handler	1
F:/400_Cellular/Projects/H745_Discovery_TouchGFX/CM7/Core/Src/main.c:4640:6:assert_failed	1
