F:/400_Cellular/Projects/H745_Discovery_TouchGFX/CM7/Core/Src/main.c:345:5:main	24	static,ignoring_inline_asm
F:/400_Cellular/Projects/H745_Discovery_TouchGFX/CM7/Core/Src/main.c:515:6:SystemClock_Config	120	static
F:/400_Cellular/Projects/H745_Discovery_TouchGFX/CM7/Core/Src/main.c:579:13:MX_CRC_Init	8	static
F:/400_Cellular/Projects/H745_Discovery_TouchGFX/CM7/Core/Src/main.c:610:13:MX_DMA2D_Init	8	static
F:/400_Cellular/Projects/H745_Discovery_TouchGFX/CM7/Core/Src/main.c:639:13:MX_I2C4_Init	8	static
F:/400_Cellular/Projects/H745_Discovery_TouchGFX/CM7/Core/Src/main.c:687:13:MX_JPEG_Init	8	static
F:/400_Cellular/Projects/H745_Discovery_TouchGFX/CM7/Core/Src/main.c:713:13:MX_LTDC_Init	64	static
F:/400_Cellular/Projects/H745_Discovery_TouchGFX/CM7/Core/Src/main.c:775:13:MX_QUADSPI_Init	8	static
F:/400_Cellular/Projects/H745_Discovery_TouchGFX/CM7/Core/Src/main.c:809:13:MX_RTC_Init	8	static
F:/400_Cellular/Projects/H745_Discovery_TouchGFX/CM7/Core/Src/main.c:845:13:MX_SDMMC1_MMC_Init	8	static
F:/400_Cellular/Projects/H745_Discovery_TouchGFX/CM7/Core/Src/main.c:876:13:MX_USART1_UART_Init	8	static
F:/400_Cellular/Projects/H745_Discovery_TouchGFX/CM7/Core/Src/main.c:924:13:MX_USART2_UART_Init	8	static
F:/400_Cellular/Projects/H745_Discovery_TouchGFX/CM7/Core/Src/main.c:970:13:MX_MDMA_Init	16	static
F:/400_Cellular/Projects/H745_Discovery_TouchGFX/CM7/Core/Src/main.c:985:6:MX_FMC_Init	40	static
F:/400_Cellular/Projects/H745_Discovery_TouchGFX/CM7/Core/Src/main.c:1036:13:MX_GPIO_Init	72	static
F:/400_Cellular/Projects/H745_Discovery_TouchGFX/CM7/Core/Src/main.c:1154:9:ConvertTimeToUNIX	24	static
F:/400_Cellular/Projects/H745_Discovery_TouchGFX/CM7/Core/Src/main.c:1176:10:Diagnostic_Receive_Response	24	static
F:/400_Cellular/Projects/H745_Discovery_TouchGFX/CM7/Core/Src/main.c:1218:6:HAL_UART_RxCpltCallback	24	static
F:/400_Cellular/Projects/H745_Discovery_TouchGFX/CM7/Core/Src/main.c:1291:6:PrintBytes	32	static
F:/400_Cellular/Projects/H745_Discovery_TouchGFX/CM7/Core/Src/main.c:1365:6:PrintStartupBanner	24	static
F:/400_Cellular/Projects/H745_Discovery_TouchGFX/CM7/Core/Src/main.c:1388:22:ZWave_Handle_CHECKSUM	40	static
F:/400_Cellular/Projects/H745_Discovery_TouchGFX/CM7/Core/Src/main.c:1461:6:ZWave_Handle_CMD	24	static
F:/400_Cellular/Projects/H745_Discovery_TouchGFX/CM7/Core/Src/main.c:1498:6:ZWave_Handle_DATA	24	static
F:/400_Cellular/Projects/H745_Discovery_TouchGFX/CM7/Core/Src/main.c:1525:6:ZWave_Handle_Default	16	static
F:/400_Cellular/Projects/H745_Discovery_TouchGFX/CM7/Core/Src/main.c:1554:6:ZWave_Handle_LEN	24	static
F:/400_Cellular/Projects/H745_Discovery_TouchGFX/CM7/Core/Src/main.c:1595:22:ZWave_Handle_SOF	32	static
F:/400_Cellular/Projects/H745_Discovery_TouchGFX/CM7/Core/Src/main.c:1704:6:ZWave_Handle_TYPE	24	static
F:/400_Cellular/Projects/H745_Discovery_TouchGFX/CM7/Core/Src/main.c:1750:22:ZWave_Parse_Rx_Data	32	static
F:/400_Cellular/Projects/H745_Discovery_TouchGFX/CM7/Core/Src/main.c:1853:10:ZWave_Receive_Response	24	static
F:/400_Cellular/Projects/H745_Discovery_TouchGFX/CM7/Core/Src/main.c:1984:12:ZWave_SerialAPI_StateMachine	24	static
F:/400_Cellular/Projects/H745_Discovery_TouchGFX/CM7/Core/Src/main.c:2170:9:ZWave_XOR_Checksum	24	static
F:/400_Cellular/Projects/H745_Discovery_TouchGFX/CM7/Core/Src/main.c:2200:6:MainTask	64	static
F:/400_Cellular/Projects/H745_Discovery_TouchGFX/CM7/Core/Src/main.c:2513:13:TouchGFX_Task	16	static
F:/400_Cellular/Projects/H745_Discovery_TouchGFX/CM7/Core/Src/main.c:2531:6:InputTask	24	static
F:/400_Cellular/Projects/H745_Discovery_TouchGFX/CM7/Core/Src/main.c:2550:6:OutputTask	32	static
F:/400_Cellular/Projects/H745_Discovery_TouchGFX/CM7/Core/Src/main.c:2579:6:DatalogTask	24	static
F:/400_Cellular/Projects/H745_Discovery_TouchGFX/CM7/Core/Src/main.c:2598:6:NetworkTask	24	static
F:/400_Cellular/Projects/H745_Discovery_TouchGFX/CM7/Core/Src/main.c:2617:6:ZWaveTask	24	static
F:/400_Cellular/Projects/H745_Discovery_TouchGFX/CM7/Core/Src/main.c:2713:6:MPU_Config	24	static
F:/400_Cellular/Projects/H745_Discovery_TouchGFX/CM7/Core/Src/main.c:2756:6:HAL_TIM_PeriodElapsedCallback	16	static
F:/400_Cellular/Projects/H745_Discovery_TouchGFX/CM7/Core/Src/main.c:2774:6:Error_Handler	16	static,ignoring_inline_asm
F:/400_Cellular/Projects/H745_Discovery_TouchGFX/CM7/Core/Src/main.c:2793:6:assert_failed	16	static
