F:/400_Cellular/Projects/H745_Discovery_TouchGFX/CM7/Core/Src/main.c:392:5:main	24	static,ignoring_inline_asm
F:/400_Cellular/Projects/H745_Discovery_TouchGFX/CM7/Core/Src/main.c:562:6:SystemClock_Config	120	static
F:/400_Cellular/Projects/H745_Discovery_TouchGFX/CM7/Core/Src/main.c:626:13:MX_CRC_Init	8	static
F:/400_Cellular/Projects/H745_Discovery_TouchGFX/CM7/Core/Src/main.c:657:13:MX_DMA2D_Init	8	static
F:/400_Cellular/Projects/H745_Discovery_TouchGFX/CM7/Core/Src/main.c:686:13:MX_I2C4_Init	8	static
F:/400_Cellular/Projects/H745_Discovery_TouchGFX/CM7/Core/Src/main.c:734:13:MX_JPEG_Init	8	static
F:/400_Cellular/Projects/H745_Discovery_TouchGFX/CM7/Core/Src/main.c:760:13:MX_LTDC_Init	64	static
F:/400_Cellular/Projects/H745_Discovery_TouchGFX/CM7/Core/Src/main.c:822:13:MX_QUADSPI_Init	8	static
F:/400_Cellular/Projects/H745_Discovery_TouchGFX/CM7/Core/Src/main.c:856:13:MX_RTC_Init	8	static
F:/400_Cellular/Projects/H745_Discovery_TouchGFX/CM7/Core/Src/main.c:892:13:MX_SDMMC1_MMC_Init	8	static
F:/400_Cellular/Projects/H745_Discovery_TouchGFX/CM7/Core/Src/main.c:923:13:MX_USART1_UART_Init	8	static
F:/400_Cellular/Projects/H745_Discovery_TouchGFX/CM7/Core/Src/main.c:971:13:MX_USART2_UART_Init	8	static
F:/400_Cellular/Projects/H745_Discovery_TouchGFX/CM7/Core/Src/main.c:1017:13:MX_MDMA_Init	16	static
F:/400_Cellular/Projects/H745_Discovery_TouchGFX/CM7/Core/Src/main.c:1032:6:MX_FMC_Init	40	static
F:/400_Cellular/Projects/H745_Discovery_TouchGFX/CM7/Core/Src/main.c:1083:13:MX_GPIO_Init	72	static
F:/400_Cellular/Projects/H745_Discovery_TouchGFX/CM7/Core/Src/main.c:1201:9:ConvertTimeToUNIX	24	static
F:/400_Cellular/Projects/H745_Discovery_TouchGFX/CM7/Core/Src/main.c:1223:10:Diagnostic_Receive_Response	24	static
F:/400_Cellular/Projects/H745_Discovery_TouchGFX/CM7/Core/Src/main.c:1265:6:HAL_UART_RxCpltCallback	24	static
F:/400_Cellular/Projects/H745_Discovery_TouchGFX/CM7/Core/Src/main.c:1338:6:PrintBytes	32	static
F:/400_Cellular/Projects/H745_Discovery_TouchGFX/CM7/Core/Src/main.c:1412:6:PrintStartupBanner	24	static
F:/400_Cellular/Projects/H745_Discovery_TouchGFX/CM7/Core/Src/main.c:1434:6:ZWave_Display_Received_Frame_Data	16	static
F:/400_Cellular/Projects/H745_Discovery_TouchGFX/CM7/Core/Src/main.c:1451:9:ZWave_Enqueue_Request	32	static
F:/400_Cellular/Projects/H745_Discovery_TouchGFX/CM7/Core/Src/main.c:1498:9:ZWave_Enqueue_Request_Unsolicited	32	static
F:/400_Cellular/Projects/H745_Discovery_TouchGFX/CM7/Core/Src/main.c:1544:22:ZWave_Handle_CHECKSUM	32	static
F:/400_Cellular/Projects/H745_Discovery_TouchGFX/CM7/Core/Src/main.c:1618:6:ZWave_Handle_CMD	24	static
F:/400_Cellular/Projects/H745_Discovery_TouchGFX/CM7/Core/Src/main.c:1655:6:ZWave_Handle_DATA	16	static
F:/400_Cellular/Projects/H745_Discovery_TouchGFX/CM7/Core/Src/main.c:1682:6:ZWave_Handle_Default	16	static
F:/400_Cellular/Projects/H745_Discovery_TouchGFX/CM7/Core/Src/main.c:1714:6:ZWave_Handle_LEN	24	static
F:/400_Cellular/Projects/H745_Discovery_TouchGFX/CM7/Core/Src/main.c:1756:22:ZWave_Handle_SOF	32	static
F:/400_Cellular/Projects/H745_Discovery_TouchGFX/CM7/Core/Src/main.c:1881:6:ZWave_Handle_TYPE	24	static
F:/400_Cellular/Projects/H745_Discovery_TouchGFX/CM7/Core/Src/main.c:1928:22:ZWave_Parse_Rx_Data	32	static
F:/400_Cellular/Projects/H745_Discovery_TouchGFX/CM7/Core/Src/main.c:2035:6:ZWave_Pop_Callback_Queue	4	static
F:/400_Cellular/Projects/H745_Discovery_TouchGFX/CM7/Core/Src/main.c:2064:6:ZWave_Pop_Command_Queue	4	static
F:/400_Cellular/Projects/H745_Discovery_TouchGFX/CM7/Core/Src/main.c:2093:10:ZWave_Receive_Response	24	static
F:/400_Cellular/Projects/H745_Discovery_TouchGFX/CM7/Core/Src/main.c:2135:6:ZWave_REQ_CMD_0A_Serial_API_Started	24	static
F:/400_Cellular/Projects/H745_Discovery_TouchGFX/CM7/Core/Src/main.c:2383:6:ZWave_RES_CMD_02_Get_Init_Data	32	static
F:/400_Cellular/Projects/H745_Discovery_TouchGFX/CM7/Core/Src/main.c:2454:6:ZWave_RES_CMD_05_ZW_Get_Controller_Capabilities	24	static
F:/400_Cellular/Projects/H745_Discovery_TouchGFX/CM7/Core/Src/main.c:2474:6:ZWave_RES_CMD_07_Serial_API_Get_Capabilities	40	static
F:/400_Cellular/Projects/H745_Discovery_TouchGFX/CM7/Core/Src/main.c:2509:6:ZWave_RES_CMD_0B_Serial_API_Setup	48	static
F:/400_Cellular/Projects/H745_Discovery_TouchGFX/CM7/Core/Src/main.c:2700:6:ZWave_RSQ_CMD_13_ZW_Send_Data	16	static
F:/400_Cellular/Projects/H745_Discovery_TouchGFX/CM7/Core/Src/main.c:2742:6:ZWave_RES_CMD_15_ZW_Get_Version	16	static
F:/400_Cellular/Projects/H745_Discovery_TouchGFX/CM7/Core/Src/main.c:2779:6:ZWave_RES_CMD_20_Memory_Get_ID	24	static
F:/400_Cellular/Projects/H745_Discovery_TouchGFX/CM7/Core/Src/main.c:2811:6:ZWave_RES_CMD_28_NVR_Get_Value	16	static
F:/400_Cellular/Projects/H745_Discovery_TouchGFX/CM7/Core/Src/main.c:2826:6:ZWave_RES_CMD_41_ZW_Get_Node_Protocol_Info	16	static
F:/400_Cellular/Projects/H745_Discovery_TouchGFX/CM7/Core/Src/main.c:3005:6:ZWave_RES_CMD_56_ZW_Get_SUC_Node_ID	24	static
F:/400_Cellular/Projects/H745_Discovery_TouchGFX/CM7/Core/Src/main.c:3017:6:ZWave_RES_CMD_A6_ZW_Is_Virtual_Node	16	static
F:/400_Cellular/Projects/H745_Discovery_TouchGFX/CM7/Core/Src/main.c:3036:6:ZWave_RES_CMD_DA_Serial_API_Get_LR_Nodes	16	static
F:/400_Cellular/Projects/H745_Discovery_TouchGFX/CM7/Core/Src/main.c:3051:6:ZWave_RES_CMD_DE_Get_DCDC_Config	16	static
F:/400_Cellular/Projects/H745_Discovery_TouchGFX/CM7/Core/Src/main.c:3077:6:ZWave_RES_CMD_E8_Get_Radio_PTI	16	static
F:/400_Cellular/Projects/H745_Discovery_TouchGFX/CM7/Core/Src/main.c:3096:6:ZWave_RES_CMD_XX_Unsupported	16	static
F:/400_Cellular/Projects/H745_Discovery_TouchGFX/CM7/Core/Src/main.c:3107:6:ZWave_Send_REQ_CMD_07_Serial_API_Get_Capabilities	16	static
F:/400_Cellular/Projects/H745_Discovery_TouchGFX/CM7/Core/Src/main.c:3119:6:ZWave_Send_REQ_CMD_08_Serial_API_Soft_Reset	16	static
F:/400_Cellular/Projects/H745_Discovery_TouchGFX/CM7/Core/Src/main.c:3131:6:ZWave_Send_REQ_CMD_0B_Serial_API_Setup	24	static
F:/400_Cellular/Projects/H745_Discovery_TouchGFX/CM7/Core/Src/main.c:3149:6:ZWave_Send_REQ_CMD_20_Memory_Get_ID	16	static
F:/400_Cellular/Projects/H745_Discovery_TouchGFX/CM7/Core/Src/main.c:3161:6:ZWave_Send_REQ_CMD_41_Get_Node_Protocol_Info	16	static
F:/400_Cellular/Projects/H745_Discovery_TouchGFX/CM7/Core/Src/main.c:3274:12:ZWave_SerialAPI_StateMachine	32	static
F:/400_Cellular/Projects/H745_Discovery_TouchGFX/CM7/Core/Src/main.c:3571:6:ZWave_Transmit_Frame	24	static
F:/400_Cellular/Projects/H745_Discovery_TouchGFX/CM7/Core/Src/main.c:3650:9:ZWave_XOR_Checksum	24	static
F:/400_Cellular/Projects/H745_Discovery_TouchGFX/CM7/Core/Src/main.c:3680:6:MainTask	64	static
F:/400_Cellular/Projects/H745_Discovery_TouchGFX/CM7/Core/Src/main.c:3993:13:TouchGFX_Task	16	static
F:/400_Cellular/Projects/H745_Discovery_TouchGFX/CM7/Core/Src/main.c:4011:6:InputTask	24	static
F:/400_Cellular/Projects/H745_Discovery_TouchGFX/CM7/Core/Src/main.c:4030:6:OutputTask	32	static
F:/400_Cellular/Projects/H745_Discovery_TouchGFX/CM7/Core/Src/main.c:4059:6:DatalogTask	24	static
F:/400_Cellular/Projects/H745_Discovery_TouchGFX/CM7/Core/Src/main.c:4078:6:NetworkTask	24	static
F:/400_Cellular/Projects/H745_Discovery_TouchGFX/CM7/Core/Src/main.c:4097:6:ZWaveTask	32	static
F:/400_Cellular/Projects/H745_Discovery_TouchGFX/CM7/Core/Src/main.c:4234:6:MPU_Config	24	static
F:/400_Cellular/Projects/H745_Discovery_TouchGFX/CM7/Core/Src/main.c:4277:6:HAL_TIM_PeriodElapsedCallback	16	static
F:/400_Cellular/Projects/H745_Discovery_TouchGFX/CM7/Core/Src/main.c:4295:6:Error_Handler	16	static,ignoring_inline_asm
F:/400_Cellular/Projects/H745_Discovery_TouchGFX/CM7/Core/Src/main.c:4314:6:assert_failed	16	static
