F:/400_Cellular/Projects/H745_Discovery_TouchGFX/CM7/Core/Src/main.c:399:5:main	5
F:/400_Cellular/Projects/H745_Discovery_TouchGFX/CM7/Core/Src/main.c:569:6:SystemClock_Config	4
F:/400_Cellular/Projects/H745_Discovery_TouchGFX/CM7/Core/Src/main.c:633:13:MX_CRC_Init	2
F:/400_Cellular/Projects/H745_Discovery_TouchGFX/CM7/Core/Src/main.c:664:13:MX_DMA2D_Init	2
F:/400_Cellular/Projects/H745_Discovery_TouchGFX/CM7/Core/Src/main.c:693:13:MX_I2C4_Init	4
F:/400_Cellular/Projects/H745_Discovery_TouchGFX/CM7/Core/Src/main.c:741:13:MX_JPEG_Init	2
F:/400_Cellular/Projects/H745_Discovery_TouchGFX/CM7/Core/Src/main.c:767:13:MX_LTDC_Init	3
F:/400_Cellular/Projects/H745_Discovery_TouchGFX/CM7/Core/Src/main.c:829:13:MX_QUADSPI_Init	2
F:/400_Cellular/Projects/H745_Discovery_TouchGFX/CM7/Core/Src/main.c:863:13:MX_RTC_Init	2
F:/400_Cellular/Projects/H745_Discovery_TouchGFX/CM7/Core/Src/main.c:899:13:MX_SDMMC1_MMC_Init	2
F:/400_Cellular/Projects/H745_Discovery_TouchGFX/CM7/Core/Src/main.c:930:13:MX_USART1_UART_Init	5
F:/400_Cellular/Projects/H745_Discovery_TouchGFX/CM7/Core/Src/main.c:978:13:MX_USART2_UART_Init	5
F:/400_Cellular/Projects/H745_Discovery_TouchGFX/CM7/Core/Src/main.c:1024:13:MX_MDMA_Init	1
F:/400_Cellular/Projects/H745_Discovery_TouchGFX/CM7/Core/Src/main.c:1039:6:MX_FMC_Init	2
F:/400_Cellular/Projects/H745_Discovery_TouchGFX/CM7/Core/Src/main.c:1090:13:MX_GPIO_Init	1
F:/400_Cellular/Projects/H745_Discovery_TouchGFX/CM7/Core/Src/main.c:1208:9:ConvertTimeToUNIX	1
F:/400_Cellular/Projects/H745_Discovery_TouchGFX/CM7/Core/Src/main.c:1230:10:Diagnostic_Receive_Response	5
F:/400_Cellular/Projects/H745_Discovery_TouchGFX/CM7/Core/Src/main.c:1272:6:HAL_UART_RxCpltCallback	4
F:/400_Cellular/Projects/H745_Discovery_TouchGFX/CM7/Core/Src/main.c:1345:6:PrintBytes	13
F:/400_Cellular/Projects/H745_Discovery_TouchGFX/CM7/Core/Src/main.c:1419:6:PrintStartupBanner	1
F:/400_Cellular/Projects/H745_Discovery_TouchGFX/CM7/Core/Src/main.c:1441:6:ZWave_Display_Received_Frame_Data	1
F:/400_Cellular/Projects/H745_Discovery_TouchGFX/CM7/Core/Src/main.c:1458:9:ZWave_Enqueue_Request	5
F:/400_Cellular/Projects/H745_Discovery_TouchGFX/CM7/Core/Src/main.c:1511:9:ZWave_Enqueue_Request_Unsolicited	5
F:/400_Cellular/Projects/H745_Discovery_TouchGFX/CM7/Core/Src/main.c:1563:22:ZWave_Handle_CHECKSUM	8
F:/400_Cellular/Projects/H745_Discovery_TouchGFX/CM7/Core/Src/main.c:1637:6:ZWave_Handle_CMD	2
F:/400_Cellular/Projects/H745_Discovery_TouchGFX/CM7/Core/Src/main.c:1674:6:ZWave_Handle_DATA	3
F:/400_Cellular/Projects/H745_Discovery_TouchGFX/CM7/Core/Src/main.c:1701:6:ZWave_Handle_Default	1
F:/400_Cellular/Projects/H745_Discovery_TouchGFX/CM7/Core/Src/main.c:1733:6:ZWave_Handle_LEN	3
F:/400_Cellular/Projects/H745_Discovery_TouchGFX/CM7/Core/Src/main.c:1775:22:ZWave_Handle_SOF	17
F:/400_Cellular/Projects/H745_Discovery_TouchGFX/CM7/Core/Src/main.c:1900:6:ZWave_Handle_TYPE	3
F:/400_Cellular/Projects/H745_Discovery_TouchGFX/CM7/Core/Src/main.c:1947:22:ZWave_Parse_Rx_Data	15
F:/400_Cellular/Projects/H745_Discovery_TouchGFX/CM7/Core/Src/main.c:2054:6:ZWave_Pop_Callback_Queue	3
F:/400_Cellular/Projects/H745_Discovery_TouchGFX/CM7/Core/Src/main.c:2083:6:ZWave_Pop_Command_Queue	3
F:/400_Cellular/Projects/H745_Discovery_TouchGFX/CM7/Core/Src/main.c:2112:10:ZWave_Receive_Response	5
F:/400_Cellular/Projects/H745_Discovery_TouchGFX/CM7/Core/Src/main.c:2154:6:ZWave_RES_CMD_02_Get_Init_Data	9
F:/400_Cellular/Projects/H745_Discovery_TouchGFX/CM7/Core/Src/main.c:2236:6:ZWave_RES_CMD_05_ZW_Get_Controller_Capabilities	7
F:/400_Cellular/Projects/H745_Discovery_TouchGFX/CM7/Core/Src/main.c:2256:6:ZWave_RES_CMD_07_Serial_API_Get_Capabilities	4
F:/400_Cellular/Projects/H745_Discovery_TouchGFX/CM7/Core/Src/main.c:2291:6:ZWave_REQ_CMD_0A_Serial_API_Started	56
F:/400_Cellular/Projects/H745_Discovery_TouchGFX/CM7/Core/Src/main.c:2576:6:ZWave_RES_CMD_0B_Serial_API_Setup	53
F:/400_Cellular/Projects/H745_Discovery_TouchGFX/CM7/Core/Src/main.c:2810:6:ZWave_RSQ_CMD_13_ZW_Send_Data	3
F:/400_Cellular/Projects/H745_Discovery_TouchGFX/CM7/Core/Src/main.c:2852:6:ZWave_RES_CMD_15_ZW_Get_Version	3
F:/400_Cellular/Projects/H745_Discovery_TouchGFX/CM7/Core/Src/main.c:2889:6:ZWave_RES_CMD_20_Memory_Get_ID	1
F:/400_Cellular/Projects/H745_Discovery_TouchGFX/CM7/Core/Src/main.c:2922:6:ZWave_RES_CMD_28_NVR_Get_Value	1
F:/400_Cellular/Projects/H745_Discovery_TouchGFX/CM7/Core/Src/main.c:2937:6:ZWave_RES_CMD_41_ZW_Get_Node_Protocol_Info	42
F:/400_Cellular/Projects/H745_Discovery_TouchGFX/CM7/Core/Src/main.c:3116:6:ZWave_RES_CMD_56_ZW_Get_SUC_Node_ID	1
F:/400_Cellular/Projects/H745_Discovery_TouchGFX/CM7/Core/Src/main.c:3128:6:ZWave_RES_CMD_A6_ZW_Is_Virtual_Node	2
F:/400_Cellular/Projects/H745_Discovery_TouchGFX/CM7/Core/Src/main.c:3149:6:ZWave_RES_CMD_DA_Serial_API_Get_LR_Nodes	1
F:/400_Cellular/Projects/H745_Discovery_TouchGFX/CM7/Core/Src/main.c:3164:6:ZWave_RES_CMD_DE_Get_DCDC_Config	5
F:/400_Cellular/Projects/H745_Discovery_TouchGFX/CM7/Core/Src/main.c:3190:6:ZWave_RES_CMD_DF_Set_DCDC_Config	2
F:/400_Cellular/Projects/H745_Discovery_TouchGFX/CM7/Core/Src/main.c:3209:6:ZWave_RES_CMD_E8_Get_Radio_PTI	2
F:/400_Cellular/Projects/H745_Discovery_TouchGFX/CM7/Core/Src/main.c:3228:6:ZWave_RES_CMD_XX_Unsupported	1
F:/400_Cellular/Projects/H745_Discovery_TouchGFX/CM7/Core/Src/main.c:3239:6:ZWave_Send_REQ_CMD_02_Serial_API_Get_Init_Data	1
F:/400_Cellular/Projects/H745_Discovery_TouchGFX/CM7/Core/Src/main.c:3251:6:ZWave_Send_REQ_CMD_05_Get_Controller_Capabilities	1
F:/400_Cellular/Projects/H745_Discovery_TouchGFX/CM7/Core/Src/main.c:3263:6:ZWave_Send_REQ_CMD_07_Serial_API_Get_Capabilities	1
F:/400_Cellular/Projects/H745_Discovery_TouchGFX/CM7/Core/Src/main.c:3275:6:ZWave_Send_REQ_CMD_08_Serial_API_Soft_Reset	1
F:/400_Cellular/Projects/H745_Discovery_TouchGFX/CM7/Core/Src/main.c:3287:6:ZWave_Send_REQ_CMD_0B_Serial_API_Setup	14
F:/400_Cellular/Projects/H745_Discovery_TouchGFX/CM7/Core/Src/main.c:3377:6:ZWave_Send_REQ_CMD_20_Memory_Get_ID	1
F:/400_Cellular/Projects/H745_Discovery_TouchGFX/CM7/Core/Src/main.c:3389:6:ZWave_Send_REQ_CMD_41_Get_Node_Protocol_Info	2
F:/400_Cellular/Projects/H745_Discovery_TouchGFX/CM7/Core/Src/main.c:3413:6:ZWave_Send_REQ_CMD_56_Get_SUC_Node_ID	1
F:/400_Cellular/Projects/H745_Discovery_TouchGFX/CM7/Core/Src/main.c:3425:6:ZWave_Send_REQ_CMD_DA_Serial_API_Get_LR_Nodes	1
F:/400_Cellular/Projects/H745_Discovery_TouchGFX/CM7/Core/Src/main.c:3438:6:ZWave_Send_REQ_CMD_DE_Get_DCDC_Config	1
F:/400_Cellular/Projects/H745_Discovery_TouchGFX/CM7/Core/Src/main.c:3450:6:ZWave_Send_REQ_CMD_DF_Set_DCDC_Config	1
F:/400_Cellular/Projects/H745_Discovery_TouchGFX/CM7/Core/Src/main.c:3463:6:ZWave_Send_REQ_CMD_E8_Get_Radio_PTI	1
F:/400_Cellular/Projects/H745_Discovery_TouchGFX/CM7/Core/Src/main.c:3570:12:ZWave_SerialAPI_StateMachine	25
F:/400_Cellular/Projects/H745_Discovery_TouchGFX/CM7/Core/Src/main.c:3891:6:ZWave_Transmit_Frame	3
F:/400_Cellular/Projects/H745_Discovery_TouchGFX/CM7/Core/Src/main.c:3970:9:ZWave_XOR_Checksum	2
F:/400_Cellular/Projects/H745_Discovery_TouchGFX/CM7/Core/Src/main.c:4000:6:MainTask	20
F:/400_Cellular/Projects/H745_Discovery_TouchGFX/CM7/Core/Src/main.c:4313:13:TouchGFX_Task	1
F:/400_Cellular/Projects/H745_Discovery_TouchGFX/CM7/Core/Src/main.c:4331:6:InputTask	1
F:/400_Cellular/Projects/H745_Discovery_TouchGFX/CM7/Core/Src/main.c:4350:6:OutputTask	2
F:/400_Cellular/Projects/H745_Discovery_TouchGFX/CM7/Core/Src/main.c:4379:6:DatalogTask	1
F:/400_Cellular/Projects/H745_Discovery_TouchGFX/CM7/Core/Src/main.c:4398:6:NetworkTask	1
F:/400_Cellular/Projects/H745_Discovery_TouchGFX/CM7/Core/Src/main.c:4417:6:ZWaveTask	12
F:/400_Cellular/Projects/H745_Discovery_TouchGFX/CM7/Core/Src/main.c:4600:6:MPU_Config	1
F:/400_Cellular/Projects/H745_Discovery_TouchGFX/CM7/Core/Src/main.c:4643:6:HAL_TIM_PeriodElapsedCallback	2
F:/400_Cellular/Projects/H745_Discovery_TouchGFX/CM7/Core/Src/main.c:4661:6:Error_Handler	1
F:/400_Cellular/Projects/H745_Discovery_TouchGFX/CM7/Core/Src/main.c:4680:6:assert_failed	1
