F:/400_Cellular/Projects/H745_Discovery_TouchGFX/CM7/Core/Src/main.c:374:5:main	24	static,ignoring_inline_asm
F:/400_Cellular/Projects/H745_Discovery_TouchGFX/CM7/Core/Src/main.c:544:6:SystemClock_Config	120	static
F:/400_Cellular/Projects/H745_Discovery_TouchGFX/CM7/Core/Src/main.c:608:13:MX_CRC_Init	8	static
F:/400_Cellular/Projects/H745_Discovery_TouchGFX/CM7/Core/Src/main.c:639:13:MX_DMA2D_Init	8	static
F:/400_Cellular/Projects/H745_Discovery_TouchGFX/CM7/Core/Src/main.c:668:13:MX_I2C4_Init	8	static
F:/400_Cellular/Projects/H745_Discovery_TouchGFX/CM7/Core/Src/main.c:716:13:MX_JPEG_Init	8	static
F:/400_Cellular/Projects/H745_Discovery_TouchGFX/CM7/Core/Src/main.c:742:13:MX_LTDC_Init	64	static
F:/400_Cellular/Projects/H745_Discovery_TouchGFX/CM7/Core/Src/main.c:804:13:MX_QUADSPI_Init	8	static
F:/400_Cellular/Projects/H745_Discovery_TouchGFX/CM7/Core/Src/main.c:838:13:MX_RTC_Init	8	static
F:/400_Cellular/Projects/H745_Discovery_TouchGFX/CM7/Core/Src/main.c:874:13:MX_SDMMC1_MMC_Init	8	static
F:/400_Cellular/Projects/H745_Discovery_TouchGFX/CM7/Core/Src/main.c:905:13:MX_USART1_UART_Init	8	static
F:/400_Cellular/Projects/H745_Discovery_TouchGFX/CM7/Core/Src/main.c:953:13:MX_USART2_UART_Init	8	static
F:/400_Cellular/Projects/H745_Discovery_TouchGFX/CM7/Core/Src/main.c:999:13:MX_MDMA_Init	16	static
F:/400_Cellular/Projects/H745_Discovery_TouchGFX/CM7/Core/Src/main.c:1014:6:MX_FMC_Init	40	static
F:/400_Cellular/Projects/H745_Discovery_TouchGFX/CM7/Core/Src/main.c:1065:13:MX_GPIO_Init	72	static
F:/400_Cellular/Projects/H745_Discovery_TouchGFX/CM7/Core/Src/main.c:1183:9:ConvertTimeToUNIX	24	static
F:/400_Cellular/Projects/H745_Discovery_TouchGFX/CM7/Core/Src/main.c:1205:10:Diagnostic_Receive_Response	24	static
F:/400_Cellular/Projects/H745_Discovery_TouchGFX/CM7/Core/Src/main.c:1247:6:HAL_UART_RxCpltCallback	24	static
F:/400_Cellular/Projects/H745_Discovery_TouchGFX/CM7/Core/Src/main.c:1320:6:PrintBytes	32	static
F:/400_Cellular/Projects/H745_Discovery_TouchGFX/CM7/Core/Src/main.c:1394:6:PrintStartupBanner	24	static
F:/400_Cellular/Projects/H745_Discovery_TouchGFX/CM7/Core/Src/main.c:1416:6:ZWave_Display_Received_Frame_Data	16	static
F:/400_Cellular/Projects/H745_Discovery_TouchGFX/CM7/Core/Src/main.c:1432:22:ZWave_Handle_CHECKSUM	32	static
F:/400_Cellular/Projects/H745_Discovery_TouchGFX/CM7/Core/Src/main.c:1505:6:ZWave_Handle_CMD	16	static
F:/400_Cellular/Projects/H745_Discovery_TouchGFX/CM7/Core/Src/main.c:1542:6:ZWave_Handle_DATA	16	static
F:/400_Cellular/Projects/H745_Discovery_TouchGFX/CM7/Core/Src/main.c:1569:6:ZWave_Handle_Default	4	static
F:/400_Cellular/Projects/H745_Discovery_TouchGFX/CM7/Core/Src/main.c:1598:6:ZWave_Handle_LEN	24	static
F:/400_Cellular/Projects/H745_Discovery_TouchGFX/CM7/Core/Src/main.c:1639:22:ZWave_Handle_SOF	32	static
F:/400_Cellular/Projects/H745_Discovery_TouchGFX/CM7/Core/Src/main.c:1760:6:ZWave_Handle_TYPE	24	static
F:/400_Cellular/Projects/H745_Discovery_TouchGFX/CM7/Core/Src/main.c:1806:22:ZWave_Parse_Rx_Data	32	static
F:/400_Cellular/Projects/H745_Discovery_TouchGFX/CM7/Core/Src/main.c:1909:10:ZWave_Receive_Response	24	static
F:/400_Cellular/Projects/H745_Discovery_TouchGFX/CM7/Core/Src/main.c:1951:6:ZWave_REQ_CMD_0A_Serial_API_Started	24	static
F:/400_Cellular/Projects/H745_Discovery_TouchGFX/CM7/Core/Src/main.c:2186:6:ZWave_RES_CMD_02_Get_Init_Data	32	static
F:/400_Cellular/Projects/H745_Discovery_TouchGFX/CM7/Core/Src/main.c:2257:6:ZWave_RES_CMD_05_ZW_Get_Controller_Capabilities	24	static
F:/400_Cellular/Projects/H745_Discovery_TouchGFX/CM7/Core/Src/main.c:2277:6:ZWave_RES_CMD_07_Serial_API_Get_Capabilities	40	static
F:/400_Cellular/Projects/H745_Discovery_TouchGFX/CM7/Core/Src/main.c:2312:6:ZWave_RES_CMD_0B_Serial_API_Setup	48	static
F:/400_Cellular/Projects/H745_Discovery_TouchGFX/CM7/Core/Src/main.c:2435:6:ZWave_RES_CMD_15_ZW_Get_Version	16	static
F:/400_Cellular/Projects/H745_Discovery_TouchGFX/CM7/Core/Src/main.c:2472:6:ZWave_RES_CMD_20_Memory_Get_ID	24	static
F:/400_Cellular/Projects/H745_Discovery_TouchGFX/CM7/Core/Src/main.c:2493:6:ZWave_RES_CMD_28_NVR_Get_Value	16	static
F:/400_Cellular/Projects/H745_Discovery_TouchGFX/CM7/Core/Src/main.c:2508:6:ZWave_RES_CMD_41_ZW_Get_Node_Protocol_Info	16	static
F:/400_Cellular/Projects/H745_Discovery_TouchGFX/CM7/Core/Src/main.c:2687:6:ZWave_RES_CMD_56_ZW_Get_SUC_Node_ID	24	static
F:/400_Cellular/Projects/H745_Discovery_TouchGFX/CM7/Core/Src/main.c:2699:6:ZWave_RES_CMD_A6_ZW_Is_Virtual_Node	16	static
F:/400_Cellular/Projects/H745_Discovery_TouchGFX/CM7/Core/Src/main.c:2718:6:ZWave_RES_CMD_DA_Serial_API_Get_LR_Nodes	16	static
F:/400_Cellular/Projects/H745_Discovery_TouchGFX/CM7/Core/Src/main.c:2733:6:ZWave_RES_CMD_DE_Get_DCDC_Config	16	static
F:/400_Cellular/Projects/H745_Discovery_TouchGFX/CM7/Core/Src/main.c:2759:6:ZWave_RES_CMD_XX_Unsupported	16	static
F:/400_Cellular/Projects/H745_Discovery_TouchGFX/CM7/Core/Src/main.c:2859:12:ZWave_SerialAPI_StateMachine	24	static
F:/400_Cellular/Projects/H745_Discovery_TouchGFX/CM7/Core/Src/main.c:3046:9:ZWave_XOR_Checksum	24	static
F:/400_Cellular/Projects/H745_Discovery_TouchGFX/CM7/Core/Src/main.c:3076:6:MainTask	64	static
F:/400_Cellular/Projects/H745_Discovery_TouchGFX/CM7/Core/Src/main.c:3389:13:TouchGFX_Task	16	static
F:/400_Cellular/Projects/H745_Discovery_TouchGFX/CM7/Core/Src/main.c:3407:6:InputTask	24	static
F:/400_Cellular/Projects/H745_Discovery_TouchGFX/CM7/Core/Src/main.c:3426:6:OutputTask	32	static
F:/400_Cellular/Projects/H745_Discovery_TouchGFX/CM7/Core/Src/main.c:3455:6:DatalogTask	24	static
F:/400_Cellular/Projects/H745_Discovery_TouchGFX/CM7/Core/Src/main.c:3474:6:NetworkTask	24	static
F:/400_Cellular/Projects/H745_Discovery_TouchGFX/CM7/Core/Src/main.c:3493:6:ZWaveTask	32	static
F:/400_Cellular/Projects/H745_Discovery_TouchGFX/CM7/Core/Src/main.c:3610:6:MPU_Config	24	static
F:/400_Cellular/Projects/H745_Discovery_TouchGFX/CM7/Core/Src/main.c:3653:6:HAL_TIM_PeriodElapsedCallback	16	static
F:/400_Cellular/Projects/H745_Discovery_TouchGFX/CM7/Core/Src/main.c:3671:6:Error_Handler	16	static,ignoring_inline_asm
F:/400_Cellular/Projects/H745_Discovery_TouchGFX/CM7/Core/Src/main.c:3690:6:assert_failed	16	static
