F:/400_Cellular/Projects/H745_Discovery_TouchGFX/CM7/Core/Src/main.c:400:5:main	24	static,ignoring_inline_asm
F:/400_Cellular/Projects/H745_Discovery_TouchGFX/CM7/Core/Src/main.c:570:6:SystemClock_Config	120	static
F:/400_Cellular/Projects/H745_Discovery_TouchGFX/CM7/Core/Src/main.c:634:13:MX_CRC_Init	8	static
F:/400_Cellular/Projects/H745_Discovery_TouchGFX/CM7/Core/Src/main.c:665:13:MX_DMA2D_Init	8	static
F:/400_Cellular/Projects/H745_Discovery_TouchGFX/CM7/Core/Src/main.c:694:13:MX_I2C4_Init	8	static
F:/400_Cellular/Projects/H745_Discovery_TouchGFX/CM7/Core/Src/main.c:742:13:MX_JPEG_Init	8	static
F:/400_Cellular/Projects/H745_Discovery_TouchGFX/CM7/Core/Src/main.c:768:13:MX_LTDC_Init	64	static
F:/400_Cellular/Projects/H745_Discovery_TouchGFX/CM7/Core/Src/main.c:830:13:MX_QUADSPI_Init	8	static
F:/400_Cellular/Projects/H745_Discovery_TouchGFX/CM7/Core/Src/main.c:864:13:MX_RTC_Init	8	static
F:/400_Cellular/Projects/H745_Discovery_TouchGFX/CM7/Core/Src/main.c:900:13:MX_SDMMC1_MMC_Init	8	static
F:/400_Cellular/Projects/H745_Discovery_TouchGFX/CM7/Core/Src/main.c:931:13:MX_USART1_UART_Init	8	static
F:/400_Cellular/Projects/H745_Discovery_TouchGFX/CM7/Core/Src/main.c:979:13:MX_USART2_UART_Init	8	static
F:/400_Cellular/Projects/H745_Discovery_TouchGFX/CM7/Core/Src/main.c:1025:13:MX_MDMA_Init	16	static
F:/400_Cellular/Projects/H745_Discovery_TouchGFX/CM7/Core/Src/main.c:1040:6:MX_FMC_Init	40	static
F:/400_Cellular/Projects/H745_Discovery_TouchGFX/CM7/Core/Src/main.c:1091:13:MX_GPIO_Init	72	static
F:/400_Cellular/Projects/H745_Discovery_TouchGFX/CM7/Core/Src/main.c:1209:9:ConvertTimeToUNIX	24	static
F:/400_Cellular/Projects/H745_Discovery_TouchGFX/CM7/Core/Src/main.c:1231:10:Diagnostic_Receive_Response	24	static
F:/400_Cellular/Projects/H745_Discovery_TouchGFX/CM7/Core/Src/main.c:1273:6:HAL_UART_RxCpltCallback	24	static
F:/400_Cellular/Projects/H745_Discovery_TouchGFX/CM7/Core/Src/main.c:1346:6:PrintBytes	32	static
F:/400_Cellular/Projects/H745_Discovery_TouchGFX/CM7/Core/Src/main.c:1420:6:PrintStartupBanner	24	static
F:/400_Cellular/Projects/H745_Discovery_TouchGFX/CM7/Core/Src/main.c:1442:6:ZWave_Display_Received_Frame_Data	16	static
F:/400_Cellular/Projects/H745_Discovery_TouchGFX/CM7/Core/Src/main.c:1459:9:ZWave_Enqueue_Request	40	static
F:/400_Cellular/Projects/H745_Discovery_TouchGFX/CM7/Core/Src/main.c:1512:9:ZWave_Enqueue_Request_Unsolicited	40	static
F:/400_Cellular/Projects/H745_Discovery_TouchGFX/CM7/Core/Src/main.c:1564:22:ZWave_Handle_CHECKSUM	32	static
F:/400_Cellular/Projects/H745_Discovery_TouchGFX/CM7/Core/Src/main.c:1638:6:ZWave_Handle_CMD	24	static
F:/400_Cellular/Projects/H745_Discovery_TouchGFX/CM7/Core/Src/main.c:1675:6:ZWave_Handle_DATA	16	static
F:/400_Cellular/Projects/H745_Discovery_TouchGFX/CM7/Core/Src/main.c:1702:6:ZWave_Handle_Default	16	static
F:/400_Cellular/Projects/H745_Discovery_TouchGFX/CM7/Core/Src/main.c:1734:6:ZWave_Handle_LEN	24	static
F:/400_Cellular/Projects/H745_Discovery_TouchGFX/CM7/Core/Src/main.c:1776:22:ZWave_Handle_SOF	32	static
F:/400_Cellular/Projects/H745_Discovery_TouchGFX/CM7/Core/Src/main.c:1901:6:ZWave_Handle_TYPE	24	static
F:/400_Cellular/Projects/H745_Discovery_TouchGFX/CM7/Core/Src/main.c:1948:22:ZWave_Parse_Rx_Data	32	static
F:/400_Cellular/Projects/H745_Discovery_TouchGFX/CM7/Core/Src/main.c:2055:6:ZWave_Pop_Callback_Queue	4	static
F:/400_Cellular/Projects/H745_Discovery_TouchGFX/CM7/Core/Src/main.c:2084:6:ZWave_Pop_Command_Queue	4	static
F:/400_Cellular/Projects/H745_Discovery_TouchGFX/CM7/Core/Src/main.c:2113:10:ZWave_Receive_Response	24	static
F:/400_Cellular/Projects/H745_Discovery_TouchGFX/CM7/Core/Src/main.c:2155:6:ZWave_RES_CMD_02_Get_Init_Data	32	static
F:/400_Cellular/Projects/H745_Discovery_TouchGFX/CM7/Core/Src/main.c:2237:6:ZWave_RES_CMD_05_ZW_Get_Controller_Capabilities	24	static
F:/400_Cellular/Projects/H745_Discovery_TouchGFX/CM7/Core/Src/main.c:2257:6:ZWave_RES_CMD_07_Serial_API_Get_Capabilities	40	static
F:/400_Cellular/Projects/H745_Discovery_TouchGFX/CM7/Core/Src/main.c:2292:6:ZWave_REQ_CMD_0A_Serial_API_Started	24	static
F:/400_Cellular/Projects/H745_Discovery_TouchGFX/CM7/Core/Src/main.c:2577:6:ZWave_RES_CMD_0B_Serial_API_Setup	48	static
F:/400_Cellular/Projects/H745_Discovery_TouchGFX/CM7/Core/Src/main.c:2811:6:ZWave_RSQ_CMD_12_ZW_Send_Node_Information	16	static
F:/400_Cellular/Projects/H745_Discovery_TouchGFX/CM7/Core/Src/main.c:2867:6:ZWave_RSQ_CMD_13_ZW_Send_Data	16	static
F:/400_Cellular/Projects/H745_Discovery_TouchGFX/CM7/Core/Src/main.c:2909:6:ZWave_RES_CMD_15_ZW_Get_Version	16	static
F:/400_Cellular/Projects/H745_Discovery_TouchGFX/CM7/Core/Src/main.c:2946:6:ZWave_RES_CMD_20_Memory_Get_ID	24	static
F:/400_Cellular/Projects/H745_Discovery_TouchGFX/CM7/Core/Src/main.c:2979:6:ZWave_RES_CMD_28_NVR_Get_Value	16	static
F:/400_Cellular/Projects/H745_Discovery_TouchGFX/CM7/Core/Src/main.c:2994:6:ZWave_RES_CMD_41_ZW_Get_Node_Protocol_Info	16	static
F:/400_Cellular/Projects/H745_Discovery_TouchGFX/CM7/Core/Src/main.c:3193:6:ZWave_RES_CMD_56_ZW_Get_SUC_Node_ID	24	static
F:/400_Cellular/Projects/H745_Discovery_TouchGFX/CM7/Core/Src/main.c:3205:6:ZWave_RES_CMD_A6_ZW_Is_Virtual_Node	16	static
F:/400_Cellular/Projects/H745_Discovery_TouchGFX/CM7/Core/Src/main.c:3226:6:ZWave_RES_CMD_DA_Serial_API_Get_LR_Nodes	16	static
F:/400_Cellular/Projects/H745_Discovery_TouchGFX/CM7/Core/Src/main.c:3241:6:ZWave_RES_CMD_DE_Get_DCDC_Config	16	static
F:/400_Cellular/Projects/H745_Discovery_TouchGFX/CM7/Core/Src/main.c:3267:6:ZWave_RES_CMD_DF_Set_DCDC_Config	16	static
F:/400_Cellular/Projects/H745_Discovery_TouchGFX/CM7/Core/Src/main.c:3286:6:ZWave_RES_CMD_E8_Get_Radio_PTI	16	static
F:/400_Cellular/Projects/H745_Discovery_TouchGFX/CM7/Core/Src/main.c:3305:6:ZWave_RES_CMD_XX_Unsupported	16	static
F:/400_Cellular/Projects/H745_Discovery_TouchGFX/CM7/Core/Src/main.c:3316:6:ZWave_Send_REQ_CMD_02_Serial_API_Get_Init_Data	16	static
F:/400_Cellular/Projects/H745_Discovery_TouchGFX/CM7/Core/Src/main.c:3328:6:ZWave_Send_REQ_CMD_05_Get_Controller_Capabilities	16	static
F:/400_Cellular/Projects/H745_Discovery_TouchGFX/CM7/Core/Src/main.c:3340:6:ZWave_Send_REQ_CMD_07_Serial_API_Get_Capabilities	16	static
F:/400_Cellular/Projects/H745_Discovery_TouchGFX/CM7/Core/Src/main.c:3352:6:ZWave_Send_REQ_CMD_08_Serial_API_Soft_Reset	16	static
F:/400_Cellular/Projects/H745_Discovery_TouchGFX/CM7/Core/Src/main.c:3364:6:ZWave_Send_REQ_CMD_0B_Serial_API_Setup	24	static
F:/400_Cellular/Projects/H745_Discovery_TouchGFX/CM7/Core/Src/main.c:3454:6:ZWave_Send_REQ_CMD_20_Memory_Get_ID	16	static
F:/400_Cellular/Projects/H745_Discovery_TouchGFX/CM7/Core/Src/main.c:3466:6:ZWave_Send_REQ_CMD_41_Get_Node_Protocol_Info	24	static
F:/400_Cellular/Projects/H745_Discovery_TouchGFX/CM7/Core/Src/main.c:3490:6:ZWave_Send_REQ_CMD_56_Get_SUC_Node_ID	16	static
F:/400_Cellular/Projects/H745_Discovery_TouchGFX/CM7/Core/Src/main.c:3502:6:ZWave_Send_REQ_CMD_DA_Serial_API_Get_LR_Nodes	16	static
F:/400_Cellular/Projects/H745_Discovery_TouchGFX/CM7/Core/Src/main.c:3515:6:ZWave_Send_REQ_CMD_DE_Get_DCDC_Config	16	static
F:/400_Cellular/Projects/H745_Discovery_TouchGFX/CM7/Core/Src/main.c:3527:6:ZWave_Send_REQ_CMD_DF_Set_DCDC_Config	24	static
F:/400_Cellular/Projects/H745_Discovery_TouchGFX/CM7/Core/Src/main.c:3540:6:ZWave_Send_REQ_CMD_E8_Get_Radio_PTI	16	static
F:/400_Cellular/Projects/H745_Discovery_TouchGFX/CM7/Core/Src/main.c:3647:12:ZWave_SerialAPI_StateMachine	32	static
F:/400_Cellular/Projects/H745_Discovery_TouchGFX/CM7/Core/Src/main.c:3968:6:ZWave_Transmit_Frame	24	static
F:/400_Cellular/Projects/H745_Discovery_TouchGFX/CM7/Core/Src/main.c:4047:9:ZWave_XOR_Checksum	24	static
F:/400_Cellular/Projects/H745_Discovery_TouchGFX/CM7/Core/Src/main.c:4077:6:MainTask	64	static
F:/400_Cellular/Projects/H745_Discovery_TouchGFX/CM7/Core/Src/main.c:4390:13:TouchGFX_Task	16	static
F:/400_Cellular/Projects/H745_Discovery_TouchGFX/CM7/Core/Src/main.c:4408:6:InputTask	24	static
F:/400_Cellular/Projects/H745_Discovery_TouchGFX/CM7/Core/Src/main.c:4427:6:OutputTask	32	static
F:/400_Cellular/Projects/H745_Discovery_TouchGFX/CM7/Core/Src/main.c:4456:6:DatalogTask	24	static
F:/400_Cellular/Projects/H745_Discovery_TouchGFX/CM7/Core/Src/main.c:4475:6:NetworkTask	24	static
F:/400_Cellular/Projects/H745_Discovery_TouchGFX/CM7/Core/Src/main.c:4494:6:ZWaveTask	32	static
F:/400_Cellular/Projects/H745_Discovery_TouchGFX/CM7/Core/Src/main.c:4696:6:MPU_Config	24	static
F:/400_Cellular/Projects/H745_Discovery_TouchGFX/CM7/Core/Src/main.c:4739:6:HAL_TIM_PeriodElapsedCallback	16	static
F:/400_Cellular/Projects/H745_Discovery_TouchGFX/CM7/Core/Src/main.c:4757:6:Error_Handler	16	static,ignoring_inline_asm
F:/400_Cellular/Projects/H745_Discovery_TouchGFX/CM7/Core/Src/main.c:4776:6:assert_failed	16	static
