F:/400_Cellular/Projects/H745_Discovery_TouchGFX/CM7/Core/Src/stm32h7xx_hal_msp.c:67:6:HAL_MspInit	16	static
F:/400_Cellular/Projects/H745_Discovery_TouchGFX/CM7/Core/Src/stm32h7xx_hal_msp.c:91:6:HAL_CRC_MspInit	24	static
F:/400_Cellular/Projects/H745_Discovery_TouchGFX/CM7/Core/Src/stm32h7xx_hal_msp.c:114:6:HAL_CRC_MspDeInit	16	static
F:/400_Cellular/Projects/H745_Discovery_TouchGFX/CM7/Core/Src/stm32h7xx_hal_msp.c:136:6:HAL_DMA2D_MspInit	24	static
F:/400_Cellular/Projects/H745_Discovery_TouchGFX/CM7/Core/Src/stm32h7xx_hal_msp.c:162:6:HAL_DMA2D_MspDeInit	16	static
F:/400_Cellular/Projects/H745_Discovery_TouchGFX/CM7/Core/Src/stm32h7xx_hal_msp.c:187:6:HAL_I2C_MspInit	240	static
F:/400_Cellular/Projects/H745_Discovery_TouchGFX/CM7/Core/Src/stm32h7xx_hal_msp.c:234:6:HAL_I2C_MspDeInit	16	static
F:/400_Cellular/Projects/H745_Discovery_TouchGFX/CM7/Core/Src/stm32h7xx_hal_msp.c:265:6:HAL_JPEG_MspInit	24	static
F:/400_Cellular/Projects/H745_Discovery_TouchGFX/CM7/Core/Src/stm32h7xx_hal_msp.c:349:6:HAL_JPEG_MspDeInit	16	static
F:/400_Cellular/Projects/H745_Discovery_TouchGFX/CM7/Core/Src/stm32h7xx_hal_msp.c:378:6:HAL_LTDC_MspInit	256	static
F:/400_Cellular/Projects/H745_Discovery_TouchGFX/CM7/Core/Src/stm32h7xx_hal_msp.c:491:6:HAL_LTDC_MspDeInit	16	static
F:/400_Cellular/Projects/H745_Discovery_TouchGFX/CM7/Core/Src/stm32h7xx_hal_msp.c:559:6:HAL_QSPI_MspInit	256	static
F:/400_Cellular/Projects/H745_Discovery_TouchGFX/CM7/Core/Src/stm32h7xx_hal_msp.c:656:6:HAL_QSPI_MspDeInit	16	static
F:/400_Cellular/Projects/H745_Discovery_TouchGFX/CM7/Core/Src/stm32h7xx_hal_msp.c:701:6:HAL_RTC_MspInit	208	static
F:/400_Cellular/Projects/H745_Discovery_TouchGFX/CM7/Core/Src/stm32h7xx_hal_msp.c:735:6:HAL_RTC_MspDeInit	16	static
F:/400_Cellular/Projects/H745_Discovery_TouchGFX/CM7/Core/Src/stm32h7xx_hal_msp.c:757:6:HAL_MMC_MspInit	248	static
F:/400_Cellular/Projects/H745_Discovery_TouchGFX/CM7/Core/Src/stm32h7xx_hal_msp.c:830:6:HAL_MMC_MspDeInit	16	static
F:/400_Cellular/Projects/H745_Discovery_TouchGFX/CM7/Core/Src/stm32h7xx_hal_msp.c:872:6:HAL_UART_MspInit	248	static
F:/400_Cellular/Projects/H745_Discovery_TouchGFX/CM7/Core/Src/stm32h7xx_hal_msp.c:959:6:HAL_UART_MspDeInit	16	static
F:/400_Cellular/Projects/H745_Discovery_TouchGFX/CM7/Core/Src/stm32h7xx_hal_msp.c:1006:13:HAL_FMC_MspInit	232	static
F:/400_Cellular/Projects/H745_Discovery_TouchGFX/CM7/Core/Src/stm32h7xx_hal_msp.c:1115:6:HAL_SDRAM_MspInit	16	static
F:/400_Cellular/Projects/H745_Discovery_TouchGFX/CM7/Core/Src/stm32h7xx_hal_msp.c:1127:13:HAL_FMC_MspDeInit	8	static
F:/400_Cellular/Projects/H745_Discovery_TouchGFX/CM7/Core/Src/stm32h7xx_hal_msp.c:1199:6:HAL_SDRAM_MspDeInit	16	static
